Archive member included to satisfy reference by file (symbol)

c:/intelfpga_lite/16.1/nios2eds/bin/gnu/h-x86_64-mingw32/bin/../lib/gcc/nios2-elf/5.3.0\libgcc.a(lib2-divmod.o)
                              obj/default/hello_ucosii.o (__divsi3)
c:/intelfpga_lite/16.1/nios2eds/bin/gnu/h-x86_64-mingw32/bin/../lib/gcc/nios2-elf/5.3.0/../../../../../H-x86_64-mingw32/nios2-elf/lib\libc.a(lib_a-puts.o)
                              obj/default/hello_ucosii.o (puts)
c:/intelfpga_lite/16.1/nios2eds/bin/gnu/h-x86_64-mingw32/bin/../lib/gcc/nios2-elf/5.3.0/../../../../../H-x86_64-mingw32/nios2-elf/lib\libc.a(lib_a-strlen.o)
                              c:/intelfpga_lite/16.1/nios2eds/bin/gnu/h-x86_64-mingw32/bin/../lib/gcc/nios2-elf/5.3.0/../../../../../H-x86_64-mingw32/nios2-elf/lib\libc.a(lib_a-puts.o) (strlen)
c:/intelfpga_lite/16.1/nios2eds/bin/gnu/h-x86_64-mingw32/bin/../lib/gcc/nios2-elf/5.3.0/../../../../../H-x86_64-mingw32/nios2-elf/lib\libc.a(lib_a-findfp.o)
                              c:/intelfpga_lite/16.1/nios2eds/bin/gnu/h-x86_64-mingw32/bin/../lib/gcc/nios2-elf/5.3.0/../../../../../H-x86_64-mingw32/nios2-elf/lib\libc.a(lib_a-puts.o) (__sinit)
c:/intelfpga_lite/16.1/nios2eds/bin/gnu/h-x86_64-mingw32/bin/../lib/gcc/nios2-elf/5.3.0/../../../../../H-x86_64-mingw32/nios2-elf/lib\libc.a(lib_a-fvwrite.o)
                              c:/intelfpga_lite/16.1/nios2eds/bin/gnu/h-x86_64-mingw32/bin/../lib/gcc/nios2-elf/5.3.0/../../../../../H-x86_64-mingw32/nios2-elf/lib\libc.a(lib_a-puts.o) (__sfvwrite_r)
c:/intelfpga_lite/16.1/nios2eds/bin/gnu/h-x86_64-mingw32/bin/../lib/gcc/nios2-elf/5.3.0/../../../../../H-x86_64-mingw32/nios2-elf/lib\libc.a(lib_a-fwalk.o)
                              c:/intelfpga_lite/16.1/nios2eds/bin/gnu/h-x86_64-mingw32/bin/../lib/gcc/nios2-elf/5.3.0/../../../../../H-x86_64-mingw32/nios2-elf/lib\libc.a(lib_a-findfp.o) (_fwalk)
c:/intelfpga_lite/16.1/nios2eds/bin/gnu/h-x86_64-mingw32/bin/../lib/gcc/nios2-elf/5.3.0/../../../../../H-x86_64-mingw32/nios2-elf/lib\libc.a(lib_a-impure.o)
                              c:/intelfpga_lite/16.1/nios2eds/bin/gnu/h-x86_64-mingw32/bin/../lib/gcc/nios2-elf/5.3.0/../../../../../H-x86_64-mingw32/nios2-elf/lib\libc.a(lib_a-findfp.o) (_global_impure_ptr)
c:/intelfpga_lite/16.1/nios2eds/bin/gnu/h-x86_64-mingw32/bin/../lib/gcc/nios2-elf/5.3.0/../../../../../H-x86_64-mingw32/nios2-elf/lib\libc.a(lib_a-mallocr.o)
                              c:/intelfpga_lite/16.1/nios2eds/bin/gnu/h-x86_64-mingw32/bin/../lib/gcc/nios2-elf/5.3.0/../../../../../H-x86_64-mingw32/nios2-elf/lib\libc.a(lib_a-findfp.o) (_malloc_r)
c:/intelfpga_lite/16.1/nios2eds/bin/gnu/h-x86_64-mingw32/bin/../lib/gcc/nios2-elf/5.3.0/../../../../../H-x86_64-mingw32/nios2-elf/lib\libc.a(lib_a-memchr.o)
                              c:/intelfpga_lite/16.1/nios2eds/bin/gnu/h-x86_64-mingw32/bin/../lib/gcc/nios2-elf/5.3.0/../../../../../H-x86_64-mingw32/nios2-elf/lib\libc.a(lib_a-fvwrite.o) (memchr)
c:/intelfpga_lite/16.1/nios2eds/bin/gnu/h-x86_64-mingw32/bin/../lib/gcc/nios2-elf/5.3.0/../../../../../H-x86_64-mingw32/nios2-elf/lib\libc.a(lib_a-memcpy.o)
                              c:/intelfpga_lite/16.1/nios2eds/bin/gnu/h-x86_64-mingw32/bin/../lib/gcc/nios2-elf/5.3.0/../../../../../H-x86_64-mingw32/nios2-elf/lib\libc.a(lib_a-fvwrite.o) (memcpy)
c:/intelfpga_lite/16.1/nios2eds/bin/gnu/h-x86_64-mingw32/bin/../lib/gcc/nios2-elf/5.3.0/../../../../../H-x86_64-mingw32/nios2-elf/lib\libc.a(lib_a-memmove.o)
                              c:/intelfpga_lite/16.1/nios2eds/bin/gnu/h-x86_64-mingw32/bin/../lib/gcc/nios2-elf/5.3.0/../../../../../H-x86_64-mingw32/nios2-elf/lib\libc.a(lib_a-fvwrite.o) (memmove)
c:/intelfpga_lite/16.1/nios2eds/bin/gnu/h-x86_64-mingw32/bin/../lib/gcc/nios2-elf/5.3.0/../../../../../H-x86_64-mingw32/nios2-elf/lib\libc.a(lib_a-memset.o)
                              c:/intelfpga_lite/16.1/nios2eds/bin/gnu/h-x86_64-mingw32/bin/../lib/gcc/nios2-elf/5.3.0/../../../../../H-x86_64-mingw32/nios2-elf/lib\libc.a(lib_a-findfp.o) (memset)
c:/intelfpga_lite/16.1/nios2eds/bin/gnu/h-x86_64-mingw32/bin/../lib/gcc/nios2-elf/5.3.0/../../../../../H-x86_64-mingw32/nios2-elf/lib\libc.a(lib_a-reallocr.o)
                              c:/intelfpga_lite/16.1/nios2eds/bin/gnu/h-x86_64-mingw32/bin/../lib/gcc/nios2-elf/5.3.0/../../../../../H-x86_64-mingw32/nios2-elf/lib\libc.a(lib_a-fvwrite.o) (_realloc_r)
c:/intelfpga_lite/16.1/nios2eds/bin/gnu/h-x86_64-mingw32/bin/../lib/gcc/nios2-elf/5.3.0/../../../../../H-x86_64-mingw32/nios2-elf/lib\libc.a(lib_a-sbrkr.o)
                              c:/intelfpga_lite/16.1/nios2eds/bin/gnu/h-x86_64-mingw32/bin/../lib/gcc/nios2-elf/5.3.0/../../../../../H-x86_64-mingw32/nios2-elf/lib\libc.a(lib_a-mallocr.o) (_sbrk_r)
c:/intelfpga_lite/16.1/nios2eds/bin/gnu/h-x86_64-mingw32/bin/../lib/gcc/nios2-elf/5.3.0/../../../../../H-x86_64-mingw32/nios2-elf/lib\libc.a(lib_a-stdio.o)
[...]
Memory Configuration

Name             Origin             Length             Attributes
reset            0x0000000004000000 0x0000000000000020
sdram            0x0000000004000020 0x0000000003ffffe0
onchip_memory2_0 0x0000000008002000 0x0000000000002000
*default*        0x0000000000000000 0xffffffffffffffff

Linker script and memory map

LOAD ../td2_bsp//obj/HAL/src/crt0.o
LOAD obj/default/hello_ucosii.o
LOAD c:/intelfpga_lite/16.1/nios2eds/bin/gnu/h-x86_64-mingw32/bin/../lib/gcc/nios2-elf/5.3.0/../../../../../H-x86_64-mingw32/nios2-elf/lib\libstdc++.a
LOAD c:/intelfpga_lite/16.1/nios2eds/bin/gnu/h-x86_64-mingw32/bin/../lib/gcc/nios2-elf/5.3.0/../../../../../H-x86_64-mingw32/nios2-elf/lib\libm.a
LOAD c:/intelfpga_lite/16.1/nios2eds/bin/gnu/h-x86_64-mingw32/bin/../lib/gcc/nios2-elf/5.3.0\libgcc.a
START GROUP
LOAD c:/intelfpga_lite/16.1/nios2eds/bin/gnu/h-x86_64-mingw32/bin/../lib/gcc/nios2-elf/5.3.0/../../../../../H-x86_64-mingw32/nios2-elf/lib\libc.a
LOAD c:/intelfpga_lite/16.1/nios2eds/bin/gnu/h-x86_64-mingw32/bin/../lib/gcc/nios2-elf/5.3.0\libgcc.a
LOAD ../td2_bsp/\libucosii_bsp.a
LOAD c:/intelfpga_lite/16.1/nios2eds/bin/gnu/h-x86_64-mingw32/bin/../lib/gcc/nios2-elf/5.3.0/../../../../../H-x86_64-mingw32/nios2-elf/lib\libm.a
END GROUP
LOAD c:/intelfpga_lite/16.1/nios2eds/bin/gnu/h-x86_64-mingw32/bin/../lib/gcc/nios2-elf/5.3.0\libgcc.a
                0x0000000004000000                __alt_mem_sdram = 0x4000000
                0x0000000008002000                __alt_mem_onchip_memory2_0 = 0x8002000

.entry          0x0000000004000000       0x20
 *(.entry)
 .entry         0x0000000004000000       0x20 ../td2_bsp//obj/HAL/src/crt0.o
                0x0000000004000000                __reset

.exceptions     0x0000000004000020      0x224
                0x0000000004000020                PROVIDE (__ram_exceptions_start, ABSOLUTE (.))
                0x0000000004000020                . = ALIGN (0x20)
 *(.irq)
 *(.exceptions.entry.label)
 .exceptions.entry.label
                0x0000000004000020        0x0 ../td2_bsp/\libucosii_bsp.a(alt_irq_entry.o)
                0x0000000004000020                alt_irq_entry
 .exceptions.entry.label
                0x0000000004000020        0x0 ../td2_bsp/\libucosii_bsp.a(alt_exception_entry.o)
                0x0000000004000020                alt_exception
 *(.exceptions.entry.user)
 *(.exceptions.entry.ecc_fatal)
 *(.exceptions.entry)
 .exceptions.entry
                0x0000000004000020       0x54 ../td2_bsp/\libucosii_bsp.a(alt_exception_entry.o)
 *(.exceptions.irqtest.user)
 *(.exceptions.irqtest)
 .exceptions.irqtest
                0x0000000004000074       0x10 ../td2_bsp/\libucosii_bsp.a(alt_irq_entry.o)
 *(.exceptions.irqhandler.user)
 *(.exceptions.irqhandler)
 .exceptions.irqhandler
                0x0000000004000084        0x4 ../td2_bsp/\libucosii_bsp.a(alt_irq_entry.o)
 *(.exceptions.irqreturn.user)
 *(.exceptions.irqreturn)
 .exceptions.irqreturn
                0x0000000004000088        0x4 ../td2_bsp/\libucosii_bsp.a(alt_irq_entry.o)
 *(.exceptions.notirq.label)
 .exceptions.notirq.label
                0x000000000400008c        0x0 ../td2_bsp/\libucosii_bsp.a(alt_irq_entry.o)
 *(.exceptions.notirq.user)
 *(.exceptions.notirq)
 .exceptions.notirq
                0x000000000400008c        0x8 ../td2_bsp/\libucosii_bsp.a(alt_exception_entry.o)
 *(.exceptions.soft.user)
 *(.exceptions.soft)
 *(.exceptions.unknown.user)
 *(.exceptions.unknown)
 .exceptions.unknown
                0x0000000004000094       0x14 ../td2_bsp/\libucosii_bsp.a(alt_exception_entry.o)
 *(.exceptions.exit.label)
 .exceptions.exit.label
                0x00000000040000a8        0x0 ../td2_bsp/\libucosii_bsp.a(alt_irq_entry.o)
 .exceptions.exit.label
                0x00000000040000a8        0x0 ../td2_bsp/\libucosii_bsp.a(alt_exception_entry.o)
 *(.exceptions.exit.user)
 *(.exceptions.exit)
 .exceptions.exit
                0x00000000040000a8       0x54 ../td2_bsp/\libucosii_bsp.a(alt_exception_entry.o)
 *(.exceptions)
 .exceptions    0x00000000040000fc       0xd4 ../td2_bsp/\libucosii_bsp.a(alt_irq_handler.o)
                0x00000000040000fc                alt_irq_handler
 .exceptions    0x00000000040001d0       0x74 ../td2_bsp/\libucosii_bsp.a(alt_instruction_exception_entry.o)
                0x00000000040001d0                alt_instruction_exception_entry
                0x0000000004000244                PROVIDE (__ram_exceptions_end, ABSOLUTE (.))
                0x0000000004000020                PROVIDE (__flash_exceptions_start, LOADADDR (.exceptions))

.text           0x0000000004000244     0xd9c0
                [!provide]                        PROVIDE (stext, ABSOLUTE (.))
 *(.interp)
 *(.hash)
 *(.dynsym)
 *(.dynstr)
 *(.gnu.version)
 *(.gnu.version_d)
 *(.gnu.version_r)
 *(.rel.init)
 *(.rela.init)
 *(.rel.text .rel.text.* .rel.gnu.linkonce.t.*)
 *(.rela.text .rela.text.* .rela.gnu.linkonce.t.*)
 *(.rel.fini)
 *(.rela.fini)
 *(.rel.rodata .rel.rodata.* .rel.gnu.linkonce.r.*)
 *(.rela.rodata .rela.rodata.* .rela.gnu.linkonce.r.*)
 *(.rel.data .rel.data.* .rel.gnu.linkonce.d.*)
 *(.rela.data .rela.data.* .rela.gnu.linkonce.d.*)
 *(.rel.tdata .rel.tdata.* .rel.gnu.linkonce.td.*)
 *(.rela.tdata .rela.tdata.* .rela.gnu.linkonce.td.*)
 *(.rel.tbss .rel.tbss.* .rel.gnu.linkonce.tb.*)
 *(.rela.tbss .rela.tbss.* .rela.gnu.linkonce.tb.*)
 *(.rel.ctors)
 *(.rela.ctors)
 *(.rel.dtors)
 *(.rela.dtors)
 *(.rel.got)
 *(.rela.got)
 *(.rel.sdata .rel.sdata.* .rel.gnu.linkonce.s.*)
 *(.rela.sdata .rela.sdata.* .rela.gnu.linkonce.s.*)
 *(.rel.sbss .rel.sbss.* .rel.gnu.linkonce.sb.*)
 *(.rela.sbss .rela.sbss.* .rela.gnu.linkonce.sb.*)
 *(.rel.sdata2 .rel.sdata2.* .rel.gnu.linkonce.s2.*)
 *(.rela.sdata2 .rela.sdata2.* .rela.gnu.linkonce.s2.*)
 *(.rel.sbss2 .rel.sbss2.* .rel.gnu.linkonce.sb2.*)
 *(.rela.sbss2 .rela.sbss2.* .rela.gnu.linkonce.sb2.*)
 *(.rel.bss .rel.bss.* .rel.gnu.linkonce.b.*)
 *(.rela.bss .rela.bss.* .rela.gnu.linkonce.b.*)
 *(.rel.plt)
 *(.rela.plt)
 *(.rel.dyn)
 *(.init)
 *(.plt)
 *(.text .stub .text.* .gnu.linkonce.t.*)
 .text          0x0000000004000244       0x4c ../td2_bsp//obj/HAL/src/crt0.o
                0x0000000004000244                _start
 .text          0x0000000004000290      0x2e0 obj/default/hello_ucosii.o
                0x0000000004000290                display_hex
                0x000000000400044c                task1
                0x0000000004000484                task2
                0x00000000040004c4                main
 .text          0x0000000004000570      0x1b4 c:/intelfpga_lite/16.1/nios2eds/bin/gnu/h-x86_64-mingw32/bin/../lib/gcc/nios2-elf/5.3.0\libgcc.a(lib2-divmod.o)
                0x0000000004000570                __divsi3
                0x00000000040005f4                __modsi3
                0x0000000004000668                __udivsi3
                0x00000000040006cc                __umodsi3
 .text          0x0000000004000724        0x0 c:/intelfpga_lite/16.1/nios2eds/bin/gnu/h-x86_64-mingw32/bin/../lib/gcc/nios2-elf/5.3.0/../../../../../H-x86_64-mingw32/nios2-elf/lib\libc.a(lib_a-puts.o)
 .text._puts_r  0x0000000004000724       0xc0 c:/intelfpga_lite/16.1/nios2eds/bin/gnu/h-x86_64-mingw32/bin/../lib/gcc/nios2-elf/5.3.0/../../../../../H-x86_64-mingw32/nios2-elf/lib\libc.a(lib_a-puts.o)
                0x0000000004000724                _puts_r
 .text.puts     0x00000000040007e4       0x14 c:/intelfpga_lite/16.1/nios2eds/bin/gnu/h-x86_64-mingw32/bin/../lib/gcc/nios2-elf/5.3.0/../../../../../H-x86_64-mingw32/nios2-elf/lib\libc.a(lib_a-puts.o)
                0x00000000040007e4                puts
 .text          0x00000000040007f8        0x0 c:/intelfpga_lite/16.1/nios2eds/bin/gnu/h-x86_64-mingw32/bin/../lib/gcc/nios2-elf/5.3.0/../../../../../H-x86_64-mingw32/nios2-elf/lib\libc.a(lib_a-strlen.o)
 .text.strlen   0x00000000040007f8       0x98 c:/intelfpga_lite/16.1/nios2eds/bin/gnu/h-x86_64-mingw32/bin/../lib/gcc/nios2-elf/5.3.0/../../../../../H-x86_64-mingw32/nios2-elf/lib\libc.a(lib_a-strlen.o)
                0x00000000040007f8                strlen
 .text          0x0000000004000890        0x0 c:/intelfpga_lite/16.1/nios2eds/bin/gnu/h-x86_64-mingw32/bin/../lib/gcc/nios2-elf/5.3.0/../../../../../H-x86_64-mingw32/nios2-elf/lib\libc.a(lib_a-findfp.o)
 .text.__fp_unlock
                0x0000000004000890        0x8 c:/intelfpga_lite/16.1/nios2eds/bin/gnu/h-x86_64-mingw32/bin/../lib/gcc/nios2-elf/5.3.0/../../../../../H-x86_64-mingw32/nios2-elf/lib\libc.a(lib_a-findfp.o)
 .text._cleanup_r
                0x0000000004000898        0xc c:/intelfpga_lite/16.1/nios2eds/bin/gnu/h-x86_64-mingw32/bin/../lib/gcc/nios2-elf/5.3.0/../../../../../H-x86_64-mingw32/nios2-elf/lib\libc.a(lib_a-findfp.o)
                0x0000000004000898                _cleanup_r
 .text.__sinit.part.1
                0x00000000040008a4      0x19c c:/intelfpga_lite/16.1/nios2eds/bin/gnu/h-x86_64-mingw32/bin/../lib/gcc/nios2-elf/5.3.0/../../../../../H-x86_64-mingw32/nios2-elf/lib\libc.a(lib_a-findfp.o)
 .text.__fp_lock
                0x0000000004000a40        0x8 c:/intelfpga_lite/16.1/nios2eds/bin/gnu/h-x86_64-mingw32/bin/../lib/gcc/nios2-elf/5.3.0/../../../../../H-x86_64-mingw32/nios2-elf/lib\libc.a(lib_a-findfp.o)
 .text.__sfmoreglue
                0x0000000004000a48       0x68 c:/intelfpga_lite/16.1/nios2eds/bin/gnu/h-x86_64-mingw32/bin/../lib/gcc/nios2-elf/5.3.0/../../../../../H-x86_64-mingw32/nios2-elf/lib\libc.a(lib_a-findfp.o)
                0x0000000004000a48                __sfmoreglue
 .text.__sfp    0x0000000004000ab0      0x118 c:/intelfpga_lite/16.1/nios2eds/bin/gnu/h-x86_64-mingw32/bin/../lib/gcc/nios2-elf/5.3.0/../../../../../H-x86_64-mingw32/nios2-elf/lib\libc.a(lib_a-findfp.o)
                0x0000000004000ab0                __sfp
 .text._cleanup
                0x0000000004000bc8       0x18 c:/intelfpga_lite/16.1/nios2eds/bin/gnu/h-x86_64-mingw32/bin/../lib/gcc/nios2-elf/5.3.0/../../../../../H-x86_64-mingw32/nios2-elf/lib\libc.a(lib_a-findfp.o)
                0x0000000004000bc8                _cleanup
 .text.__sinit  0x0000000004000be0       0x10 c:/intelfpga_lite/16.1/nios2eds/bin/gnu/h-x86_64-mingw32/bin/../lib/gcc/nios2-elf/5.3.0/../../../../../H-x86_64-mingw32/nios2-elf/lib\libc.a(lib_a-findfp.o)
                0x0000000004000be0                __sinit
 .text.__sfp_lock_acquire
                0x0000000004000bf0        0x4 c:/intelfpga_lite/16.1/nios2eds/bin/gnu/h-x86_64-mingw32/bin/../lib/gcc/nios2-elf/5.3.0/../../../../../H-x86_64-mingw32/nios2-elf/lib\libc.a(lib_a-findfp.o)
                0x0000000004000bf0                __sfp_lock_acquire
 .text.__sfp_lock_release
                0x0000000004000bf4        0x4 c:/intelfpga_lite/16.1/nios2eds/bin/gnu/h-x86_64-mingw32/bin/../lib/gcc/nios2-elf/5.3.0/../../../../../H-x86_64-mingw32/nios2-elf/lib\libc.a(lib_a-findfp.o)
                0x0000000004000bf4                __sfp_lock_release
 .text.__sinit_lock_acquire
                0x0000000004000bf8        0x4 c:/intelfpga_lite/16.1/nios2eds/bin/gnu/h-x86_64-mingw32/bin/../lib/gcc/nios2-elf/5.3.0/../../../../../H-x86_64-mingw32/nios2-elf/lib\libc.a(lib_a-findfp.o)
                0x0000000004000bf8                __sinit_lock_acquire
 .text.__sinit_lock_release
                0x0000000004000bfc        0x4 c:/intelfpga_lite/16.1/nios2eds/bin/gnu/h-x86_64-mingw32/bin/../lib/gcc/nios2-elf/5.3.0/../../../../../H-x86_64-mingw32/nios2-elf/lib\libc.a(lib_a-findfp.o)
                0x0000000004000bfc                __sinit_lock_release
 .text.__fp_lock_all
                0x0000000004000c00       0x18 c:/intelfpga_lite/16.1/nios2eds/bin/gnu/h-x86_64-mingw32/bin/../lib/gcc/nios2-elf/5.3.0/../../../../../H-x86_64-mingw32/nios2-elf/lib\libc.a(lib_a-findfp.o)
                0x0000000004000c00                __fp_lock_all
 .text.__fp_unlock_all
                0x0000000004000c18       0x18 c:/intelfpga_lite/16.1/nios2eds/bin/gnu/h-x86_64-mingw32/bin/../lib/gcc/nios2-elf/5.3.0/../../../../../H-x86_64-mingw32/nios2-elf/lib\libc.a(lib_a-findfp.o)
                0x0000000004000c18                __fp_unlock_all
 .text          0x0000000004000c30        0x0 c:/intelfpga_lite/16.1/nios2eds/bin/gnu/h-x86_64-mingw32/bin/../lib/gcc/nios2-elf/5.3.0/../../../../../H-x86_64-mingw32/nios2-elf/lib\libc.a(lib_a-fvwrite.o)
 .text.__sfvwrite_r
                0x0000000004000c30      0x4bc c:/intelfpga_lite/16.1/nios2eds/bin/gnu/h-x86_64-mingw32/bin/../lib/gcc/nios2-elf/5.3.0/../../../../../H-x86_64-mingw32/nios2-elf/lib\libc.a(lib_a-fvwrite.o)
                0x0000000004000c30                __sfvwrite_r
 .text          0x00000000040010ec        0x0 c:/intelfpga_lite/16.1/nios2eds/bin/gnu/h-x86_64-mingw32/bin/../lib/gcc/nios2-elf/5.3.0/../../../../../H-x86_64-mingw32/nios2-elf/lib\libc.a(lib_a-fwalk.o)
 .text._fwalk   0x00000000040010ec       0xc4 c:/intelfpga_lite/16.1/nios2eds/bin/gnu/h-x86_64-mingw32/bin/../lib/gcc/nios2-elf/5.3.0/../../../../../H-x86_64-mingw32/nios2-elf/lib\libc.a(lib_a-fwalk.o)
                0x00000000040010ec                _fwalk
 .text._fwalk_reent
                0x00000000040011b0       0xc4 c:/intelfpga_lite/16.1/nios2eds/bin/gnu/h-x86_64-mingw32/bin/../lib/gcc/nios2-elf/5.3.0/../../../../../H-x86_64-mingw32/nios2-elf/lib\libc.a(lib_a-fwalk.o)
                0x00000000040011b0                _fwalk_reent
 .text          0x0000000004001274        0x0 c:/intelfpga_lite/16.1/nios2eds/bin/gnu/h-x86_64-mingw32/bin/../lib/gcc/nios2-elf/5.3.0/../../../../../H-x86_64-mingw32/nios2-elf/lib\libc.a(lib_a-impure.o)
 .text          0x0000000004001274        0x0 c:/intelfpga_lite/16.1/nios2eds/bin/gnu/h-x86_64-mingw32/bin/../lib/gcc/nios2-elf/5.3.0/../../../../../H-x86_64-mingw32/nios2-elf/lib\libc.a(lib_a-mallocr.o)
 .text._malloc_r
                0x0000000004001274      0x80c c:/intelfpga_lite/16.1/nios2eds/bin/gnu/h-x86_64-mingw32/bin/../lib/gcc/nios2-elf/5.3.0/../../../../../H-x86_64-mingw32/nios2-elf/lib\libc.a(lib_a-mallocr.o)
                0x0000000004001274                _malloc_r
 .text          0x0000000004001a80        0x0 c:/intelfpga_lite/16.1/nios2eds/bin/gnu/h-x86_64-mingw32/bin/../lib/gcc/nios2-elf/5.3.0/../../../../../H-x86_64-mingw32/nios2-elf/lib\libc.a(lib_a-memchr.o)
 .text.memchr   0x0000000004001a80       0xe4 c:/intelfpga_lite/16.1/nios2eds/bin/gnu/h-x86_64-mingw32/bin/../lib/gcc/nios2-elf/5.3.0/../../../../../H-x86_64-mingw32/nios2-elf/lib\libc.a(lib_a-memchr.o)
                0x0000000004001a80                memchr
 .text          0x0000000004001b64        0x0 c:/intelfpga_lite/16.1/nios2eds/bin/gnu/h-x86_64-mingw32/bin/../lib/gcc/nios2-elf/5.3.0/../../../../../H-x86_64-mingw32/nios2-elf/lib\libc.a(lib_a-memcpy.o)
 .text.memcpy   0x0000000004001b64      0x148 c:/intelfpga_lite/16.1/nios2eds/bin/gnu/h-x86_64-mingw32/bin/../lib/gcc/nios2-elf/5.3.0/../../../../../H-x86_64-mingw32/nios2-elf/lib\libc.a(lib_a-memcpy.o)
                0x0000000004001b64                memcpy
 .text          0x0000000004001cac        0x0 c:/intelfpga_lite/16.1/nios2eds/bin/gnu/h-x86_64-mingw32/bin/../lib/gcc/nios2-elf/5.3.0/../../../../../H-x86_64-mingw32/nios2-elf/lib\libc.a(lib_a-memmove.o)
 .text.memmove  0x0000000004001cac      0x15c c:/intelfpga_lite/16.1/nios2eds/bin/gnu/h-x86_64-mingw32/bin/../lib/gcc/nios2-elf/5.3.0/../../../../../H-x86_64-mingw32/nios2-elf/lib\libc.a(lib_a-memmove.o)
                0x0000000004001cac                memmove
 .text          0x0000000004001e08        0x0 c:/intelfpga_lite/16.1/nios2eds/bin/gnu/h-x86_64-mingw32/bin/../lib/gcc/nios2-elf/5.3.0/../../../../../H-x86_64-mingw32/nios2-elf/lib\libc.a(lib_a-memset.o)
 .text.memset   0x0000000004001e08      0x128 c:/intelfpga_lite/16.1/nios2eds/bin/gnu/h-x86_64-mingw32/bin/../lib/gcc/nios2-elf/5.3.0/../../../../../H-x86_64-mingw32/nios2-elf/lib\libc.a(lib_a-memset.o)
                0x0000000004001e08                memset
 .text          0x0000000004001f30        0x0 c:/intelfpga_lite/16.1/nios2eds/bin/gnu/h-x86_64-mingw32/bin/../lib/gcc/nios2-elf/5.3.0/../../../../../H-x86_64-mingw32/nios2-elf/lib\libc.a(lib_a-reallocr.o)
 .text._realloc_r
                0x0000000004001f30      0x564 c:/intelfpga_lite/16.1/nios2eds/bin/gnu/h-x86_64-mingw32/bin/../lib/gcc/nios2-elf/5.3.0/../../../../../H-x86_64-mingw32/nios2-elf/lib\libc.a(lib_a-reallocr.o)
                0x0000000004001f30                _realloc_r
 .text          0x0000000004002494        0x0 c:/intelfpga_lite/16.1/nios2eds/bin/gnu/h-x86_64-mingw32/bin/../lib/gcc/nios2-elf/5.3.0/../../../../../H-x86_64-mingw32/nios2-elf/lib\libc.a(lib_a-sbrkr.o)
 .text._sbrk_r  0x0000000004002494       0x54 c:/intelfpga_lite/16.1/nios2eds/bin/gnu/h-x86_64-mingw32/bin/../lib/gcc/nios2-elf/5.3.0/../../../../../H-x86_64-mingw32/nios2-elf/lib\libc.a(lib_a-sbrkr.o)
                0x0000000004002494                _sbrk_r
 .text          0x00000000040024e8        0x0 c:/intelfpga_lite/16.1/nios2eds/bin/gnu/h-x86_64-mingw32/bin/../lib/gcc/nios2-elf/5.3.0/../../../../../H-x86_64-mingw32/nios2-elf/lib\libc.a(lib_a-stdio.o)
 .text.__sread  0x00000000040024e8       0x54 c:/intelfpga_lite/16.1/nios2eds/bin/gnu/h-x86_64-mingw32/bin/../lib/gcc/nios2-elf/5.3.0/../../../../../H-x86_64-mingw32/nios2-elf/lib\libc.a(lib_a-stdio.o)
                0x00000000040024e8                __sread
 .text.__seofread
                0x000000000400253c        0x8 c:/intelfpga_lite/16.1/nios2eds/bin/gnu/h-x86_64-mingw32/bin/../lib/gcc/nios2-elf/5.3.0/../../../../../H-x86_64-mingw32/nios2-elf/lib\libc.a(lib_a-stdio.o)
                0x000000000400253c                __seofread
 .text.__swrite
                0x0000000004002544       0x7c c:/intelfpga_lite/16.1/nios2eds/bin/gnu/h-x86_64-mingw32/bin/../lib/gcc/nios2-elf/5.3.0/../../../../../H-x86_64-mingw32/nios2-elf/lib\libc.a(lib_a-stdio.o)
                0x0000000004002544                __swrite
 .text.__sseek  0x00000000040025c0       0x5c c:/intelfpga_lite/16.1/nios2eds/bin/gnu/h-x86_64-mingw32/bin/../lib/gcc/nios2-elf/5.3.0/../../../../../H-x86_64-mingw32/nios2-elf/lib\libc.a(lib_a-stdio.o)
                0x00000000040025c0                __sseek
 .text.__sclose
                0x000000000400261c        0x8 c:/intelfpga_lite/16.1/nios2eds/bin/gnu/h-x86_64-mingw32/bin/../lib/gcc/nios2-elf/5.3.0/../../../../../H-x86_64-mingw32/nios2-elf/lib\libc.a(lib_a-stdio.o)
                0x000000000400261c                __sclose
 .text          0x0000000004002624        0x0 c:/intelfpga_lite/16.1/nios2eds/bin/gnu/h-x86_64-mingw32/bin/../lib/gcc/nios2-elf/5.3.0/../../../../../H-x86_64-mingw32/nios2-elf/lib\libc.a(lib_a-writer.o)
 .text._write_r
                0x0000000004002624       0x60 c:/intelfpga_lite/16.1/nios2eds/bin/gnu/h-x86_64-mingw32/bin/../lib/gcc/nios2-elf/5.3.0/../../../../../H-x86_64-mingw32/nios2-elf/lib\libc.a(lib_a-writer.o)
                0x0000000004002624                _write_r
 .text          0x0000000004002684        0x0 c:/intelfpga_lite/16.1/nios2eds/bin/gnu/h-x86_64-mingw32/bin/../lib/gcc/nios2-elf/5.3.0/../../../../../H-x86_64-mingw32/nios2-elf/lib\libc.a(lib_a-wsetup.o)
 .text.__swsetup_r
                0x0000000004002684      0x154 c:/intelfpga_lite/16.1/nios2eds/bin/gnu/h-x86_64-mingw32/bin/../lib/gcc/nios2-elf/5.3.0/../../../../../H-x86_64-mingw32/nios2-elf/lib\libc.a(lib_a-wsetup.o)
                0x0000000004002684                __swsetup_r
 .text          0x00000000040027d8        0x0 c:/intelfpga_lite/16.1/nios2eds/bin/gnu/h-x86_64-mingw32/bin/../lib/gcc/nios2-elf/5.3.0/../../../../../H-x86_64-mingw32/nios2-elf/lib\libc.a(closer.o)
 .text._close_r
                0x00000000040027d8       0x54 c:/intelfpga_lite/16.1/nios2eds/bin/gnu/h-x86_64-mingw32/bin/../lib/gcc/nios2-elf/5.3.0/../../../../../H-x86_64-mingw32/nios2-elf/lib\libc.a(closer.o)
                0x00000000040027d8                _close_r
 .text          0x000000000400282c        0x0 c:/intelfpga_lite/16.1/nios2eds/bin/gnu/h-x86_64-mingw32/bin/../lib/gcc/nios2-elf/5.3.0/../../../../../H-x86_64-mingw32/nios2-elf/lib\libc.a(lib_a-fclose.o)
 .text._fclose_r
                0x000000000400282c       0xf0 c:/intelfpga_lite/16.1/nios2eds/bin/gnu/h-x86_64-mingw32/bin/../lib/gcc/nios2-elf/5.3.0/../../../../../H-x86_64-mingw32/nios2-elf/lib\libc.a(lib_a-fclose.o)
                0x000000000400282c                _fclose_r
 .text.fclose   0x000000000400291c       0x14 c:/intelfpga_lite/16.1/nios2eds/bin/gnu/h-x86_64-mingw32/bin/../lib/gcc/nios2-elf/5.3.0/../../../../../H-x86_64-mingw32/nios2-elf/lib\libc.a(lib_a-fclose.o)
                0x000000000400291c                fclose
 .text          0x0000000004002930        0x0 c:/intelfpga_lite/16.1/nios2eds/bin/gnu/h-x86_64-mingw32/bin/../lib/gcc/nios2-elf/5.3.0/../../../../../H-x86_64-mingw32/nios2-elf/lib\libc.a(lib_a-fflush.o)
 .text.__sflush_r
                0x0000000004002930      0x21c c:/intelfpga_lite/16.1/nios2eds/bin/gnu/h-x86_64-mingw32/bin/../lib/gcc/nios2-elf/5.3.0/../../../../../H-x86_64-mingw32/nios2-elf/lib\libc.a(lib_a-fflush.o)
                0x0000000004002930                __sflush_r
 .text._fflush_r
                0x0000000004002b4c       0x5c c:/intelfpga_lite/16.1/nios2eds/bin/gnu/h-x86_64-mingw32/bin/../lib/gcc/nios2-elf/5.3.0/../../../../../H-x86_64-mingw32/nios2-elf/lib\libc.a(lib_a-fflush.o)
                0x0000000004002b4c                _fflush_r
 .text.fflush   0x0000000004002ba8       0x30 c:/intelfpga_lite/16.1/nios2eds/bin/gnu/h-x86_64-mingw32/bin/../lib/gcc/nios2-elf/5.3.0/../../../../../H-x86_64-mingw32/nios2-elf/lib\libc.a(lib_a-fflush.o)
                0x0000000004002ba8                fflush
 .text          0x0000000004002bd8        0x0 c:/intelfpga_lite/16.1/nios2eds/bin/gnu/h-x86_64-mingw32/bin/../lib/gcc/nios2-elf/5.3.0/../../../../../H-x86_64-mingw32/nios2-elf/lib\libc.a(lib_a-freer.o)
 .text._malloc_trim_r
                0x0000000004002bd8      0x124 c:/intelfpga_lite/16.1/nios2eds/bin/gnu/h-x86_64-mingw32/bin/../lib/gcc/nios2-elf/5.3.0/../../../../../H-x86_64-mingw32/nios2-elf/lib\libc.a(lib_a-freer.o)
                0x0000000004002bd8                _malloc_trim_r
 .text._free_r  0x0000000004002cfc      0x310 c:/intelfpga_lite/16.1/nios2eds/bin/gnu/h-x86_64-mingw32/bin/../lib/gcc/nios2-elf/5.3.0/../../../../../H-x86_64-mingw32/nios2-elf/lib\libc.a(lib_a-freer.o)
                0x0000000004002cfc                _free_r
 .text          0x000000000400300c        0x0 c:/intelfpga_lite/16.1/nios2eds/bin/gnu/h-x86_64-mingw32/bin/../lib/gcc/nios2-elf/5.3.0/../../../../../H-x86_64-mingw32/nios2-elf/lib\libc.a(lib_a-int_errno.o)
 .text          0x000000000400300c        0x0 c:/intelfpga_lite/16.1/nios2eds/bin/gnu/h-x86_64-mingw32/bin/../lib/gcc/nios2-elf/5.3.0/../../../../../H-x86_64-mingw32/nios2-elf/lib\libc.a(lib_a-lseekr.o)
 .text._lseek_r
                0x000000000400300c       0x60 c:/intelfpga_lite/16.1/nios2eds/bin/gnu/h-x86_64-mingw32/bin/../lib/gcc/nios2-elf/5.3.0/../../../../../H-x86_64-mingw32/nios2-elf/lib\libc.a(lib_a-lseekr.o)
                0x000000000400300c                _lseek_r
 .text          0x000000000400306c        0x0 c:/intelfpga_lite/16.1/nios2eds/bin/gnu/h-x86_64-mingw32/bin/../lib/gcc/nios2-elf/5.3.0/../../../../../H-x86_64-mingw32/nios2-elf/lib\libc.a(lib_a-makebuf.o)
 .text.__smakebuf_r
                0x000000000400306c      0x1bc c:/intelfpga_lite/16.1/nios2eds/bin/gnu/h-x86_64-mingw32/bin/../lib/gcc/nios2-elf/5.3.0/../../../../../H-x86_64-mingw32/nios2-elf/lib\libc.a(lib_a-makebuf.o)
                0x000000000400306c                __smakebuf_r
 .text          0x0000000004003228        0x0 c:/intelfpga_lite/16.1/nios2eds/bin/gnu/h-x86_64-mingw32/bin/../lib/gcc/nios2-elf/5.3.0/../../../../../H-x86_64-mingw32/nios2-elf/lib\libc.a(lib_a-readr.o)
 .text._read_r  0x0000000004003228       0x60 c:/intelfpga_lite/16.1/nios2eds/bin/gnu/h-x86_64-mingw32/bin/../lib/gcc/nios2-elf/5.3.0/../../../../../H-x86_64-mingw32/nios2-elf/lib\libc.a(lib_a-readr.o)
                0x0000000004003228                _read_r
 .text          0x0000000004003288        0x0 c:/intelfpga_lite/16.1/nios2eds/bin/gnu/h-x86_64-mingw32/bin/../lib/gcc/nios2-elf/5.3.0/../../../../../H-x86_64-mingw32/nios2-elf/lib\libc.a(lib_a-fstatr.o)
 .text._fstat_r
                0x0000000004003288       0x5c c:/intelfpga_lite/16.1/nios2eds/bin/gnu/h-x86_64-mingw32/bin/../lib/gcc/nios2-elf/5.3.0/../../../../../H-x86_64-mingw32/nios2-elf/lib\libc.a(lib_a-fstatr.o)
                0x0000000004003288                _fstat_r
 .text          0x00000000040032e4        0x0 c:/intelfpga_lite/16.1/nios2eds/bin/gnu/h-x86_64-mingw32/bin/../lib/gcc/nios2-elf/5.3.0/../../../../../H-x86_64-mingw32/nios2-elf/lib\libc.a(lib_a-isattyr.o)
 .text._isatty_r
                0x00000000040032e4       0x54 c:/intelfpga_lite/16.1/nios2eds/bin/gnu/h-x86_64-mingw32/bin/../lib/gcc/nios2-elf/5.3.0/../../../../../H-x86_64-mingw32/nios2-elf/lib\libc.a(lib_a-isattyr.o)
                0x00000000040032e4                _isatty_r
 .text          0x0000000004003338      0x10c ../td2_bsp/\libucosii_bsp.a(alt_close.o)
                0x0000000004003374                close
 .text          0x0000000004003444       0x2c ../td2_bsp/\libucosii_bsp.a(alt_dev.o)
 .text          0x0000000004003470        0x0 ../td2_bsp/\libucosii_bsp.a(alt_errno.o)
 .text          0x0000000004003470       0xec ../td2_bsp/\libucosii_bsp.a(alt_fstat.o)
                0x00000000040034ac                fstat
 .text          0x000000000400355c       0xe0 ../td2_bsp/\libucosii_bsp.a(alt_isatty.o)
                0x0000000004003598                isatty
 .text          0x000000000400363c       0xec ../td2_bsp/\libucosii_bsp.a(alt_load.o)
                0x00000000040036a4                alt_load
 .text          0x0000000004003728      0x110 ../td2_bsp/\libucosii_bsp.a(alt_lseek.o)
                0x0000000004003764                lseek
 .text          0x0000000004003838       0xbc ../td2_bsp/\libucosii_bsp.a(alt_main.o)
                0x0000000004003838                alt_main
 .text          0x00000000040038f4      0x138 ../td2_bsp/\libucosii_bsp.a(alt_read.o)
                0x0000000004003930                read
 .text          0x0000000004003a2c       0x64 ../td2_bsp/\libucosii_bsp.a(alt_release_fd.o)
                0x0000000004003a2c                alt_release_fd
 .text          0x0000000004003a90       0xb0 ../td2_bsp/\libucosii_bsp.a(alt_sbrk.o)
                0x0000000004003a90                sbrk
 .text          0x0000000004003b40      0x134 ../td2_bsp/\libucosii_bsp.a(alt_write.o)
                0x0000000004003b7c                write
 .text          0x0000000004003c74      0x124 ../td2_bsp/\libucosii_bsp.a(alt_env_lock.o)
                0x0000000004003c74                __env_lock
                0x0000000004003d38                __env_unlock
 .text          0x0000000004003d98      0x1ec ../td2_bsp/\libucosii_bsp.a(alt_malloc_lock.o)
                0x0000000004003d98                __malloc_lock
                0x0000000004003eb8                __malloc_unlock
 .text          0x0000000004003f84     0x2014 ../td2_bsp/\libucosii_bsp.a(os_core.o)
                0x0000000004003f84                OSEventNameGet
                0x00000000040040a4                OSEventNameSet
                0x00000000040041e4                OSEventPendMulti
                0x00000000040047f4                OSInit
                0x000000000400484c                OSIntEnter
                0x0000000004004898                OSIntExit
                0x0000000004004990                OSSchedLock
                0x0000000004004a1c                OSSchedUnlock
                0x0000000004004af8                OSStart
                0x0000000004004b68                OSStatInit
                0x0000000004004c18                OSTimeTick
                0x0000000004004e38                OSVersion
                0x0000000004004e58                OS_Dummy
                0x0000000004004e78                OS_EventTaskRdy
                0x0000000004005010                OS_EventTaskWait
                0x0000000004005120                OS_EventTaskWaitMulti
                0x0000000004005270                OS_EventTaskRemove
                0x0000000004005328                OS_EventTaskRemoveMulti
                0x0000000004005428                OS_EventWaitListInit
                0x0000000004005808                OS_MemClr
                0x000000000400585c                OS_MemCopy
                0x00000000040058c4                OS_Sched
                0x0000000004005a08                OS_StrCopy
                0x0000000004005a7c                OS_StrLen
                0x0000000004005ad0                OS_TaskIdle
                0x0000000004005b2c                OS_TaskStat
                0x0000000004005bf8                OS_TaskStatStkChk
                0x0000000004005cc4                OS_TCBInit
 .text          0x0000000004005f98      0x190 ../td2_bsp/\libucosii_bsp.a(os_dbg.o)
                0x0000000004005f98                OSDebugInit
 .text          0x0000000004006128     0x1714 ../td2_bsp/\libucosii_bsp.a(os_flag.o)
                0x0000000004006128                OSFlagAccept
                0x0000000004006430                OSFlagCreate
                0x0000000004006538                OSFlagDel
                0x0000000004006780                OSFlagNameGet
                0x00000000040068a8                OSFlagNameSet
                0x00000000040069f4                OSFlagPend
                0x0000000004006fac                OSFlagPendGetFlagsRdy
                0x000000000400700c                OSFlagPost
                0x00000000040073a0                OSFlagQuery
                0x00000000040075c4                OS_FlagInit
                0x0000000004007798                OS_FlagUnlink
 .text          0x000000000400783c      0x754 ../td2_bsp/\libucosii_bsp.a(os_mem.o)
                0x000000000400783c                OSMemCreate
                0x0000000004007a10                OSMemGet
                0x0000000004007b00                OSMemNameGet
                0x0000000004007bf0                OSMemNameSet
                0x0000000004007d04                OSMemPut
                0x0000000004007ddc                OSMemQuery
                0x0000000004007ec4                OS_MemInit
 .text          0x0000000004007f90     0x1104 ../td2_bsp/\libucosii_bsp.a(os_q.o)
                0x0000000004007f90                OSQAccept
                0x00000000040080d0                OSQCreate
                0x000000000400827c                OSQDel
                0x00000000040084fc                OSQFlush
                0x00000000040085b4                OSQPend
                0x0000000004008840                OSQPendAbort
                0x00000000040089ac                OSQPost
                0x0000000004008b14                OSQPostFront
                0x0000000004008c84                OSQPostOpt
                0x0000000004008e90                OSQQuery
                0x0000000004008fec                OS_QInit
 .text          0x0000000004009094      0xa60 ../td2_bsp/\libucosii_bsp.a(os_sem.o)
                0x0000000004009094                OSSemAccept
                0x0000000004009144                OSSemCreate
                0x000000000400921c                OSSemDel
                0x000000000400945c                OSSemPend
                0x0000000004009668                OSSemPendAbort
                0x00000000040097d4                OSSemPost
                0x00000000040098e4                OSSemQuery
                0x00000000040099f4                OSSemSet
 .text          0x0000000004009af4     0x176c ../td2_bsp/\libucosii_bsp.a(os_task.o)
                0x0000000004009af4                OSTaskChangePrio
                0x0000000004009fe4                OSTaskCreate
                0x000000000400a190                OSTaskCreateExt
                0x000000000400a374                OSTaskDel
                0x000000000400a6b8                OSTaskDelReq
                0x000000000400a808                OSTaskNameGet
                0x000000000400a9a0                OSTaskNameSet
                0x000000000400ab54                OSTaskResume
                0x000000000400ad28                OSTaskStkChk
                0x000000000400aee8                OSTaskSuspend
                0x000000000400b0cc                OSTaskQuery
                0x000000000400b1f0                OS_TaskStkClr
 .text          0x000000000400b260      0x4e8 ../td2_bsp/\libucosii_bsp.a(os_time.o)
                0x000000000400b260                OSTimeDly
                0x000000000400b364                OSTimeDlyHMSM
                0x000000000400b4b8                OSTimeDlyResume
                0x000000000400b68c                OSTimeGet
                0x000000000400b6e8                OSTimeSet
 .text          0x000000000400b748       0xcc ../td2_bsp/\libucosii_bsp.a(alt_sys_init.o)
                0x000000000400b77c                alt_irq_init
                0x000000000400b7b4                alt_sys_init
 .text          0x000000000400b814      0x164 ../td2_bsp/\libucosii_bsp.a(altera_avalon_jtag_uart_fd.o)
                0x000000000400b814                altera_avalon_jtag_uart_read_fd
                0x000000000400b874                altera_avalon_jtag_uart_write_fd
                0x000000000400b8d4                altera_avalon_jtag_uart_close_fd
                0x000000000400b924                altera_avalon_jtag_uart_ioctl_fd
 .text          0x000000000400b978      0x558 ../td2_bsp/\libucosii_bsp.a(altera_avalon_jtag_uart_init.o)
                0x000000000400b978                altera_avalon_jtag_uart_init
                0x000000000400be68                altera_avalon_jtag_uart_close
 .text          0x000000000400bed0       0xf0 ../td2_bsp/\libucosii_bsp.a(altera_avalon_jtag_uart_ioctl.o)
                0x000000000400bed0                altera_avalon_jtag_uart_ioctl
 .text          0x000000000400bfc0      0x2bc ../td2_bsp/\libucosii_bsp.a(altera_avalon_jtag_uart_read.o)
                0x000000000400bfc0                altera_avalon_jtag_uart_read
 .text          0x000000000400c27c      0x2c4 ../td2_bsp/\libucosii_bsp.a(altera_avalon_jtag_uart_write.o)
                0x000000000400c27c                altera_avalon_jtag_uart_write
 .text          0x000000000400c540       0xf4 ../td2_bsp/\libucosii_bsp.a(altera_avalon_timer_sc.o)
                0x000000000400c5b8                alt_avalon_timer_sc_init
 .text          0x000000000400c634      0x12c ../td2_bsp/\libucosii_bsp.a(alt_alarm_start.o)
                0x000000000400c634                alt_alarm_start
 .text          0x000000000400c760       0x48 ../td2_bsp/\libucosii_bsp.a(alt_dcache_flush_all.o)
                0x000000000400c760                alt_dcache_flush_all
 .text          0x000000000400c7a8       0xe0 ../td2_bsp/\libucosii_bsp.a(alt_dev_llist_insert.o)
                0x000000000400c7e4                alt_dev_llist_insert
 .text          0x000000000400c888       0x60 ../td2_bsp/\libucosii_bsp.a(alt_do_ctors.o)
                0x000000000400c888                _do_ctors
 .text          0x000000000400c8e8       0x60 ../td2_bsp/\libucosii_bsp.a(alt_do_dtors.o)
                0x000000000400c8e8                _do_dtors
 .text          0x000000000400c948       0x34 ../td2_bsp/\libucosii_bsp.a(alt_icache_flush_all.o)
                0x000000000400c948                alt_icache_flush_all
 .text          0x000000000400c97c      0x1b0 ../td2_bsp/\libucosii_bsp.a(alt_iic.o)
                0x000000000400c97c                alt_ic_isr_register
                0x000000000400c9cc                alt_ic_irq_enable
                0x000000000400ca54                alt_ic_irq_disable
                0x000000000400cae0                alt_ic_irq_enabled
 .text          0x000000000400cb2c       0xf0 ../td2_bsp/\libucosii_bsp.a(alt_iic_isr_register.o)
                0x000000000400cb2c                alt_iic_isr_register
 .text          0x000000000400cc1c      0x140 ../td2_bsp/\libucosii_bsp.a(alt_io_redirect.o)
                0x000000000400cce0                alt_io_redirect
 .text          0x000000000400cd5c        0x0 ../td2_bsp/\libucosii_bsp.a(alt_irq_entry.o)
 .text          0x000000000400cd5c        0x0 ../td2_bsp/\libucosii_bsp.a(alt_irq_handler.o)
 .text          0x000000000400cd5c        0x0 ../td2_bsp/\libucosii_bsp.a(alt_irq_vars.o)
 .text          0x000000000400cd5c      0x254 ../td2_bsp/\libucosii_bsp.a(alt_open.o)
                0x000000000400ce5c                open
 .text          0x000000000400cfb0      0x1a4 ../td2_bsp/\libucosii_bsp.a(alt_tick.o)
                0x000000000400cfb0                alt_alarm_stop
                0x000000000400d04c                alt_tick
 .text          0x000000000400d154       0x24 ../td2_bsp/\libucosii_bsp.a(altera_nios2_gen2_irq.o)
                0x000000000400d154                altera_nios2_gen2_irq_init
 .text          0x000000000400d178       0xd0 ../td2_bsp/\libucosii_bsp.a(os_cpu_a.o)
                0x000000000400d178                OSCtxSw
                0x000000000400d178                OSIntCtxSw
                0x000000000400d204                OSStartHighRdy
                0x000000000400d224                OSStartTsk
 .text          0x000000000400d248      0x288 ../td2_bsp/\libucosii_bsp.a(os_cpu_c.o)
                0x000000000400d248                OSTaskStkInit
                0x000000000400d3a4                OSTaskCreateHook
                0x000000000400d3c8                OSTaskDelHook
                0x000000000400d3ec                OSTaskSwHook
                0x000000000400d40c                OSTaskStatHook
                0x000000000400d42c                OSTimeTickHook
                0x000000000400d44c                OSInitHookBegin
                0x000000000400d46c                OSInitHookEnd
                0x000000000400d48c                OSTaskIdleHook
                0x000000000400d4ac                OSTCBInitHook
 .text          0x000000000400d4d0        0x0 ../td2_bsp/\libucosii_bsp.a(alt_exception_entry.o)
 .text          0x000000000400d4d0       0x90 ../td2_bsp/\libucosii_bsp.a(alt_find_dev.o)
                0x000000000400d4d0                alt_find_dev
 .text          0x000000000400d560      0x108 ../td2_bsp/\libucosii_bsp.a(alt_find_file.o)
                0x000000000400d560                alt_find_file
 .text          0x000000000400d668       0xdc ../td2_bsp/\libucosii_bsp.a(alt_get_fd.o)
                0x000000000400d668                alt_get_fd
 .text          0x000000000400d744       0x90 ../td2_bsp/\libucosii_bsp.a(alt_icache_flush.o)
                0x000000000400d744                alt_icache_flush
 .text          0x000000000400d7d4       0x9c ../td2_bsp/\libucosii_bsp.a(alt_instruction_exception_entry.o)
                0x000000000400d7d4                alt_exception_cause_generated_bad_addr
 .text          0x000000000400d870        0x0 c:/intelfpga_lite/16.1/nios2eds/bin/gnu/h-x86_64-mingw32/bin/../lib/gcc/nios2-elf/5.3.0/../../../../../H-x86_64-mingw32/nios2-elf/lib\libc.a(lib_a-atexit.o)
 .text.atexit   0x000000000400d870       0x14 c:/intelfpga_lite/16.1/nios2eds/bin/gnu/h-x86_64-mingw32/bin/../lib/gcc/nios2-elf/5.3.0/../../../../../H-x86_64-mingw32/nios2-elf/lib\libc.a(lib_a-atexit.o)
                0x000000000400d870                atexit
 .text          0x000000000400d884        0x0 c:/intelfpga_lite/16.1/nios2eds/bin/gnu/h-x86_64-mingw32/bin/../lib/gcc/nios2-elf/5.3.0/../../../../../H-x86_64-mingw32/nios2-elf/lib\libc.a(lib_a-exit.o)
 .text.exit     0x000000000400d884       0x38 c:/intelfpga_lite/16.1/nios2eds/bin/gnu/h-x86_64-mingw32/bin/../lib/gcc/nios2-elf/5.3.0/../../../../../H-x86_64-mingw32/nios2-elf/lib\libc.a(lib_a-exit.o)
                0x000000000400d884                exit
 .text          0x000000000400d8bc        0x0 c:/intelfpga_lite/16.1/nios2eds/bin/gnu/h-x86_64-mingw32/bin/../lib/gcc/nios2-elf/5.3.0/../../../../../H-x86_64-mingw32/nios2-elf/lib\libc.a(lib_a-memcmp.o)
 .text.memcmp   0x000000000400d8bc       0x7c c:/intelfpga_lite/16.1/nios2eds/bin/gnu/h-x86_64-mingw32/bin/../lib/gcc/nios2-elf/5.3.0/../../../../../H-x86_64-mingw32/nios2-elf/lib\libc.a(lib_a-memcmp.o)
                0x000000000400d8bc                memcmp
 .text          0x000000000400d938        0x0 c:/intelfpga_lite/16.1/nios2eds/bin/gnu/h-x86_64-mingw32/bin/../lib/gcc/nios2-elf/5.3.0/../../../../../H-x86_64-mingw32/nios2-elf/lib\libc.a(lib_a-__atexit.o)
 .text.__register_exitproc
                0x000000000400d938      0x118 c:/intelfpga_lite/16.1/nios2eds/bin/gnu/h-x86_64-mingw32/bin/../lib/gcc/nios2-elf/5.3.0/../../../../../H-x86_64-mingw32/nios2-elf/lib\libc.a(lib_a-__atexit.o)
                0x000000000400d938                __register_exitproc
 .text          0x000000000400da50        0x0 c:/intelfpga_lite/16.1/nios2eds/bin/gnu/h-x86_64-mingw32/bin/../lib/gcc/nios2-elf/5.3.0/../../../../../H-x86_64-mingw32/nios2-elf/lib\libc.a(lib_a-__call_atexit.o)
 .text.__call_exitprocs
                0x000000000400da50      0x180 c:/intelfpga_lite/16.1/nios2eds/bin/gnu/h-x86_64-mingw32/bin/../lib/gcc/nios2-elf/5.3.0/../../../../../H-x86_64-mingw32/nios2-elf/lib\libc.a(lib_a-__call_atexit.o)
                0x000000000400da50                __call_exitprocs
 .text          0x000000000400dbd0       0x34 ../td2_bsp/\libucosii_bsp.a(alt_exit.o)
                0x000000000400dbd0                _exit
 *(.gnu.warning.*)
 *(.fini)
                [!provide]                        PROVIDE (__etext, ABSOLUTE (.))
                [!provide]                        PROVIDE (_etext, ABSOLUTE (.))
                [!provide]                        PROVIDE (etext, ABSOLUTE (.))
 *(.eh_frame_hdr)
                0x000000000400dc04                . = ALIGN (0x4)
                [!provide]                        PROVIDE (__preinit_array_start, ABSOLUTE (.))
 *(.preinit_array)
                [!provide]                        PROVIDE (__preinit_array_end, ABSOLUTE (.))
                [!provide]                        PROVIDE (__init_array_start, ABSOLUTE (.))
 *(.init_array)
                [!provide]                        PROVIDE (__init_array_end, ABSOLUTE (.))
                [!provide]                        PROVIDE (__fini_array_start, ABSOLUTE (.))
 *(.fini_array)
                [!provide]                        PROVIDE (__fini_array_end, ABSOLUTE (.))
 *(.eh_frame)
 *(.gcc_except_table .gcc_except_table.*)
 *(.dynamic)
                0x000000000400dc04                PROVIDE (__CTOR_LIST__, ABSOLUTE (.))
 *(.ctors)
 *(SORT(.ctors.*))
                0x000000000400dc04                PROVIDE (__CTOR_END__, ABSOLUTE (.))
                0x000000000400dc04                PROVIDE (__DTOR_LIST__, ABSOLUTE (.))
 *(.dtors)
 *(SORT(.dtors.*))
                0x000000000400dc04                PROVIDE (__DTOR_END__, ABSOLUTE (.))
 *(.jcr)
                0x000000000400dc04                . = ALIGN (0x4)

.rodata         0x000000000400dc04      0x180
                0x000000000400dc04                PROVIDE (__ram_rodata_start, ABSOLUTE (.))
                0x000000000400dc04                . = ALIGN (0x4)
 *(.rodata .rodata.* .gnu.linkonce.r.*)
 .rodata        0x000000000400dc04       0x25 obj/default/hello_ucosii.o
 *fill*         0x000000000400dc29        0x3 
 .rodata.str1.4
                0x000000000400dc2c        0x2 c:/intelfpga_lite/16.1/nios2eds/bin/gnu/h-x86_64-mingw32/bin/../lib/gcc/nios2-elf/5.3.0/../../../../../H-x86_64-mingw32/nios2-elf/lib\libc.a(lib_a-puts.o)
 *fill*         0x000000000400dc2e        0x2 
 .rodata.str1.4
                0x000000000400dc30        0x4 c:/intelfpga_lite/16.1/nios2eds/bin/gnu/h-x86_64-mingw32/bin/../lib/gcc/nios2-elf/5.3.0/../../../../../H-x86_64-mingw32/nios2-elf/lib\libc.a(lib_a-impure.o)
                                          0x2 (size before relaxing)
 .rodata        0x000000000400dc34        0xa ../td2_bsp/\libucosii_bsp.a(alt_dev.o)
 *fill*         0x000000000400dc3e        0x2 
 .rodata        0x000000000400dc40        0xf ../td2_bsp/\libucosii_bsp.a(alt_main.o)
 *fill*         0x000000000400dc4f        0x1 
 .rodata        0x000000000400dc50      0x11e ../td2_bsp/\libucosii_bsp.a(os_core.o)
                0x000000000400dc50                OSUnMapTbl
 *fill*         0x000000000400dd6e        0x2 
 .rodata        0x000000000400dd70        0xf ../td2_bsp/\libucosii_bsp.a(alt_sys_init.o)
 *fill*         0x000000000400dd7f        0x1 
 .rodata        0x000000000400dd80        0x2 ../td2_bsp/\libucosii_bsp.a(os_cpu_c.o)
 *(.rodata1)
                0x000000000400dd84                . = ALIGN (0x4)
 *fill*         0x000000000400dd82        0x2 
                0x000000000400dd84                PROVIDE (__ram_rodata_end, ABSOLUTE (.))
                0x000000000400dc04                PROVIDE (__flash_rodata_start, LOADADDR (.rodata))

.rwdata         0x000000000400dd84     0x1b1c load address 0x000000000400f8a0
                0x000000000400dd84                PROVIDE (__ram_rwdata_start, ABSOLUTE (.))
                0x000000000400dd84                . = ALIGN (0x4)
 *(.got.plt)
 *(.got)
 *(.data1)
 *(.data .data.* .gnu.linkonce.d.*)
 .data          0x000000000400dd84        0x0 ../td2_bsp//obj/HAL/src/crt0.o
 .data          0x000000000400dd84       0x28 obj/default/hello_ucosii.o
                0x000000000400dd84                lut
 .data          0x000000000400ddac        0x0 c:/intelfpga_lite/16.1/nios2eds/bin/gnu/h-x86_64-mingw32/bin/../lib/gcc/nios2-elf/5.3.0\libgcc.a(lib2-divmod.o)
 .data          0x000000000400ddac        0x0 c:/intelfpga_lite/16.1/nios2eds/bin/gnu/h-x86_64-mingw32/bin/../lib/gcc/nios2-elf/5.3.0/../../../../../H-x86_64-mingw32/nios2-elf/lib\libc.a(lib_a-puts.o)
 .data          0x000000000400ddac        0x0 c:/intelfpga_lite/16.1/nios2eds/bin/gnu/h-x86_64-mingw32/bin/../lib/gcc/nios2-elf/5.3.0/../../../../../H-x86_64-mingw32/nios2-elf/lib\libc.a(lib_a-strlen.o)
 .data          0x000000000400ddac        0x0 c:/intelfpga_lite/16.1/nios2eds/bin/gnu/h-x86_64-mingw32/bin/../lib/gcc/nios2-elf/5.3.0/../../../../../H-x86_64-mingw32/nios2-elf/lib\libc.a(lib_a-findfp.o)
 .data          0x000000000400ddac        0x0 c:/intelfpga_lite/16.1/nios2eds/bin/gnu/h-x86_64-mingw32/bin/../lib/gcc/nios2-elf/5.3.0/../../../../../H-x86_64-mingw32/nios2-elf/lib\libc.a(lib_a-fvwrite.o)
 .data          0x000000000400ddac        0x0 c:/intelfpga_lite/16.1/nios2eds/bin/gnu/h-x86_64-mingw32/bin/../lib/gcc/nios2-elf/5.3.0/../../../../../H-x86_64-mingw32/nios2-elf/lib\libc.a(lib_a-fwalk.o)
 .data          0x000000000400ddac        0x0 c:/intelfpga_lite/16.1/nios2eds/bin/gnu/h-x86_64-mingw32/bin/../lib/gcc/nios2-elf/5.3.0/../../../../../H-x86_64-mingw32/nios2-elf/lib\libc.a(lib_a-impure.o)
 .data.impure_data
                0x000000000400ddac      0x424 c:/intelfpga_lite/16.1/nios2eds/bin/gnu/h-x86_64-mingw32/bin/../lib/gcc/nios2-elf/5.3.0/../../../../../H-x86_64-mingw32/nios2-elf/lib\libc.a(lib_a-impure.o)
 .data          0x000000000400e1d0        0x0 c:/intelfpga_lite/16.1/nios2eds/bin/gnu/h-x86_64-mingw32/bin/../lib/gcc/nios2-elf/5.3.0/../../../../../H-x86_64-mingw32/nios2-elf/lib\libc.a(lib_a-mallocr.o)
 .data.__malloc_av_
                0x000000000400e1d0      0x408 c:/intelfpga_lite/16.1/nios2eds/bin/gnu/h-x86_64-mingw32/bin/../lib/gcc/nios2-elf/5.3.0/../../../../../H-x86_64-mingw32/nios2-elf/lib\libc.a(lib_a-mallocr.o)
                0x000000000400e1d0                __malloc_av_
 .data          0x000000000400e5d8        0x0 c:/intelfpga_lite/16.1/nios2eds/bin/gnu/h-x86_64-mingw32/bin/../lib/gcc/nios2-elf/5.3.0/../../../../../H-x86_64-mingw32/nios2-elf/lib\libc.a(lib_a-memchr.o)
 .data          0x000000000400e5d8        0x0 c:/intelfpga_lite/16.1/nios2eds/bin/gnu/h-x86_64-mingw32/bin/../lib/gcc/nios2-elf/5.3.0/../../../../../H-x86_64-mingw32/nios2-elf/lib\libc.a(lib_a-memcpy.o)
 .data          0x000000000400e5d8        0x0 c:/intelfpga_lite/16.1/nios2eds/bin/gnu/h-x86_64-mingw32/bin/../lib/gcc/nios2-elf/5.3.0/../../../../../H-x86_64-mingw32/nios2-elf/lib\libc.a(lib_a-memmove.o)
 .data          0x000000000400e5d8        0x0 c:/intelfpga_lite/16.1/nios2eds/bin/gnu/h-x86_64-mingw32/bin/../lib/gcc/nios2-elf/5.3.0/../../../../../H-x86_64-mingw32/nios2-elf/lib\libc.a(lib_a-memset.o)
 .data          0x000000000400e5d8        0x0 c:/intelfpga_lite/16.1/nios2eds/bin/gnu/h-x86_64-mingw32/bin/../lib/gcc/nios2-elf/5.3.0/../../../../../H-x86_64-mingw32/nios2-elf/lib\libc.a(lib_a-reallocr.o)
 .data          0x000000000400e5d8        0x0 c:/intelfpga_lite/16.1/nios2eds/bin/gnu/h-x86_64-mingw32/bin/../lib/gcc/nios2-elf/5.3.0/../../../../../H-x86_64-mingw32/nios2-elf/lib\libc.a(lib_a-sbrkr.o)
 .data          0x000000000400e5d8        0x0 c:/intelfpga_lite/16.1/nios2eds/bin/gnu/h-x86_64-mingw32/bin/../lib/gcc/nios2-elf/5.3.0/../../../../../H-x86_64-mingw32/nios2-elf/lib\libc.a(lib_a-stdio.o)
 .data          0x000000000400e5d8        0x0 c:/intelfpga_lite/16.1/nios2eds/bin/gnu/h-x86_64-mingw32/bin/../lib/gcc/nios2-elf/5.3.0/../../../../../H-x86_64-mingw32/nios2-elf/lib\libc.a(lib_a-writer.o)
 .data          0x000000000400e5d8        0x0 c:/intelfpga_lite/16.1/nios2eds/bin/gnu/h-x86_64-mingw32/bin/../lib/gcc/nios2-elf/5.3.0/../../../../../H-x86_64-mingw32/nios2-elf/lib\libc.a(lib_a-wsetup.o)
 .data          0x000000000400e5d8        0x0 c:/intelfpga_lite/16.1/nios2eds/bin/gnu/h-x86_64-mingw32/bin/../lib/gcc/nios2-elf/5.3.0/../../../../../H-x86_64-mingw32/nios2-elf/lib\libc.a(closer.o)
 .data          0x000000000400e5d8        0x0 c:/intelfpga_lite/16.1/nios2eds/bin/gnu/h-x86_64-mingw32/bin/../lib/gcc/nios2-elf/5.3.0/../../../../../H-x86_64-mingw32/nios2-elf/lib\libc.a(lib_a-fclose.o)
 .data          0x000000000400e5d8        0x0 c:/intelfpga_lite/16.1/nios2eds/bin/gnu/h-x86_64-mingw32/bin/../lib/gcc/nios2-elf/5.3.0/../../../../../H-x86_64-mingw32/nios2-elf/lib\libc.a(lib_a-fflush.o)
 .data          0x000000000400e5d8        0x0 c:/intelfpga_lite/16.1/nios2eds/bin/gnu/h-x86_64-mingw32/bin/../lib/gcc/nios2-elf/5.3.0/../../../../../H-x86_64-mingw32/nios2-elf/lib\libc.a(lib_a-freer.o)
 .data          0x000000000400e5d8        0x0 c:/intelfpga_lite/16.1/nios2eds/bin/gnu/h-x86_64-mingw32/bin/../lib/gcc/nios2-elf/5.3.0/../../../../../H-x86_64-mingw32/nios2-elf/lib\libc.a(lib_a-int_errno.o)
 .data          0x000000000400e5d8        0x0 c:/intelfpga_lite/16.1/nios2eds/bin/gnu/h-x86_64-mingw32/bin/../lib/gcc/nios2-elf/5.3.0/../../../../../H-x86_64-mingw32/nios2-elf/lib\libc.a(lib_a-lseekr.o)
 .data          0x000000000400e5d8        0x0 c:/intelfpga_lite/16.1/nios2eds/bin/gnu/h-x86_64-mingw32/bin/../lib/gcc/nios2-elf/5.3.0/../../../../../H-x86_64-mingw32/nios2-elf/lib\libc.a(lib_a-makebuf.o)
 .data          0x000000000400e5d8        0x0 c:/intelfpga_lite/16.1/nios2eds/bin/gnu/h-x86_64-mingw32/bin/../lib/gcc/nios2-elf/5.3.0/../../../../../H-x86_64-mingw32/nios2-elf/lib\libc.a(lib_a-readr.o)
 .data          0x000000000400e5d8        0x0 c:/intelfpga_lite/16.1/nios2eds/bin/gnu/h-x86_64-mingw32/bin/../lib/gcc/nios2-elf/5.3.0/../../../../../H-x86_64-mingw32/nios2-elf/lib\libc.a(lib_a-fstatr.o)
 .data          0x000000000400e5d8        0x0 c:/intelfpga_lite/16.1/nios2eds/bin/gnu/h-x86_64-mingw32/bin/../lib/gcc/nios2-elf/5.3.0/../../../../../H-x86_64-mingw32/nios2-elf/lib\libc.a(lib_a-isattyr.o)
 .data          0x000000000400e5d8        0x0 ../td2_bsp/\libucosii_bsp.a(alt_close.o)
 .data          0x000000000400e5d8      0x1a8 ../td2_bsp/\libucosii_bsp.a(alt_dev.o)
                0x000000000400e5d8                alt_dev_null
                0x000000000400e600                alt_fd_list
 .data          0x000000000400e780        0x0 ../td2_bsp/\libucosii_bsp.a(alt_errno.o)
 .data          0x000000000400e780        0x0 ../td2_bsp/\libucosii_bsp.a(alt_fstat.o)
 .data          0x000000000400e780        0x0 ../td2_bsp/\libucosii_bsp.a(alt_isatty.o)
 .data          0x000000000400e780        0x0 ../td2_bsp/\libucosii_bsp.a(alt_load.o)
 .data          0x000000000400e780        0x0 ../td2_bsp/\libucosii_bsp.a(alt_lseek.o)
 .data          0x000000000400e780        0x0 ../td2_bsp/\libucosii_bsp.a(alt_main.o)
 .data          0x000000000400e780        0x0 ../td2_bsp/\libucosii_bsp.a(alt_read.o)
 .data          0x000000000400e780        0x0 ../td2_bsp/\libucosii_bsp.a(alt_release_fd.o)
 .data          0x000000000400e780        0x0 ../td2_bsp/\libucosii_bsp.a(alt_sbrk.o)
 .data          0x000000000400e780        0x0 ../td2_bsp/\libucosii_bsp.a(alt_write.o)
 .data          0x000000000400e780        0x0 ../td2_bsp/\libucosii_bsp.a(alt_env_lock.o)
 .data          0x000000000400e780        0x0 ../td2_bsp/\libucosii_bsp.a(alt_malloc_lock.o)
 .data          0x000000000400e780        0x0 ../td2_bsp/\libucosii_bsp.a(os_core.o)
 .data          0x000000000400e780        0x0 ../td2_bsp/\libucosii_bsp.a(os_dbg.o)
 .data          0x000000000400e780        0x0 ../td2_bsp/\libucosii_bsp.a(os_flag.o)
 .data          0x000000000400e780        0x0 ../td2_bsp/\libucosii_bsp.a(os_mem.o)
 .data          0x000000000400e780        0x0 ../td2_bsp/\libucosii_bsp.a(os_q.o)
 .data          0x000000000400e780        0x0 ../td2_bsp/\libucosii_bsp.a(os_sem.o)
 .data          0x000000000400e780        0x0 ../td2_bsp/\libucosii_bsp.a(os_task.o)
 .data          0x000000000400e780        0x0 ../td2_bsp/\libucosii_bsp.a(os_time.o)
 .data          0x000000000400e780     0x106c ../td2_bsp/\libucosii_bsp.a(alt_sys_init.o)
 .data          0x000000000400f7ec        0x0 ../td2_bsp/\libucosii_bsp.a(altera_avalon_jtag_uart_fd.o)
 .data          0x000000000400f7ec        0x0 ../td2_bsp/\libucosii_bsp.a(altera_avalon_jtag_uart_init.o)
 .data          0x000000000400f7ec        0x0 ../td2_bsp/\libucosii_bsp.a(altera_avalon_jtag_uart_ioctl.o)
 .data          0x000000000400f7ec        0x0 ../td2_bsp/\libucosii_bsp.a(altera_avalon_jtag_uart_read.o)
 .data          0x000000000400f7ec        0x0 ../td2_bsp/\libucosii_bsp.a(altera_avalon_jtag_uart_write.o)
 .data          0x000000000400f7ec        0x0 ../td2_bsp/\libucosii_bsp.a(altera_avalon_timer_sc.o)
 .data          0x000000000400f7ec        0x0 ../td2_bsp/\libucosii_bsp.a(alt_alarm_start.o)
 .data          0x000000000400f7ec        0x0 ../td2_bsp/\libucosii_bsp.a(alt_dcache_flush_all.o)
 .data          0x000000000400f7ec        0x0 ../td2_bsp/\libucosii_bsp.a(alt_dev_llist_insert.o)
 .data          0x000000000400f7ec        0x0 ../td2_bsp/\libucosii_bsp.a(alt_do_ctors.o)
 .data          0x000000000400f7ec        0x0 ../td2_bsp/\libucosii_bsp.a(alt_do_dtors.o)
 .data          0x000000000400f7ec        0x0 ../td2_bsp/\libucosii_bsp.a(alt_icache_flush_all.o)
 .data          0x000000000400f7ec        0x0 ../td2_bsp/\libucosii_bsp.a(alt_iic.o)
 .data          0x000000000400f7ec        0x0 ../td2_bsp/\libucosii_bsp.a(alt_iic_isr_register.o)
 .data          0x000000000400f7ec        0x0 ../td2_bsp/\libucosii_bsp.a(alt_io_redirect.o)
 .data          0x000000000400f7ec        0x0 ../td2_bsp/\libucosii_bsp.a(alt_irq_entry.o)
 .data          0x000000000400f7ec        0x0 ../td2_bsp/\libucosii_bsp.a(alt_irq_handler.o)
 .data          0x000000000400f7ec        0x0 ../td2_bsp/\libucosii_bsp.a(alt_irq_vars.o)
 .data          0x000000000400f7ec        0x0 ../td2_bsp/\libucosii_bsp.a(alt_open.o)
 .data          0x000000000400f7ec        0x0 ../td2_bsp/\libucosii_bsp.a(alt_tick.o)
 .data          0x000000000400f7ec        0x0 ../td2_bsp/\libucosii_bsp.a(altera_nios2_gen2_irq.o)
 .data          0x000000000400f7ec        0x0 ../td2_bsp/\libucosii_bsp.a(os_cpu_a.o)
 .data          0x000000000400f7ec        0x0 ../td2_bsp/\libucosii_bsp.a(os_cpu_c.o)
 .data          0x000000000400f7ec        0x0 ../td2_bsp/\libucosii_bsp.a(alt_exception_entry.o)
 .data          0x000000000400f7ec        0x0 ../td2_bsp/\libucosii_bsp.a(alt_find_dev.o)
 .data          0x000000000400f7ec        0x0 ../td2_bsp/\libucosii_bsp.a(alt_find_file.o)
 .data          0x000000000400f7ec        0x0 ../td2_bsp/\libucosii_bsp.a(alt_get_fd.o)
 .data          0x000000000400f7ec        0x0 ../td2_bsp/\libucosii_bsp.a(alt_icache_flush.o)
 .data          0x000000000400f7ec        0x0 ../td2_bsp/\libucosii_bsp.a(alt_instruction_exception_entry.o)
 .data          0x000000000400f7ec        0x0 c:/intelfpga_lite/16.1/nios2eds/bin/gnu/h-x86_64-mingw32/bin/../lib/gcc/nios2-elf/5.3.0/../../../../../H-x86_64-mingw32/nios2-elf/lib\libc.a(lib_a-atexit.o)
 .data          0x000000000400f7ec        0x0 c:/intelfpga_lite/16.1/nios2eds/bin/gnu/h-x86_64-mingw32/bin/../lib/gcc/nios2-elf/5.3.0/../../../../../H-x86_64-mingw32/nios2-elf/lib\libc.a(lib_a-exit.o)
 .data          0x000000000400f7ec        0x0 c:/intelfpga_lite/16.1/nios2eds/bin/gnu/h-x86_64-mingw32/bin/../lib/gcc/nios2-elf/5.3.0/../../../../../H-x86_64-mingw32/nios2-elf/lib\libc.a(lib_a-memcmp.o)
 .data          0x000000000400f7ec        0x0 c:/intelfpga_lite/16.1/nios2eds/bin/gnu/h-x86_64-mingw32/bin/../lib/gcc/nios2-elf/5.3.0/../../../../../H-x86_64-mingw32/nios2-elf/lib\libc.a(lib_a-__atexit.o)
 .data          0x000000000400f7ec        0x0 c:/intelfpga_lite/16.1/nios2eds/bin/gnu/h-x86_64-mingw32/bin/../lib/gcc/nios2-elf/5.3.0/../../../../../H-x86_64-mingw32/nios2-elf/lib\libc.a(lib_a-__call_atexit.o)
 .data          0x000000000400f7ec        0x0 ../td2_bsp/\libucosii_bsp.a(alt_exit.o)
                0x00000000040177ec                _gp = ABSOLUTE ((. + 0x8000))
                [!provide]                        PROVIDE (gp, _gp)
 *(.rwdata .rwdata.*)
 *(.sdata .sdata.* .gnu.linkonce.s.*)
 .sdata._global_impure_ptr
                0x000000000400f7ec        0x4 c:/intelfpga_lite/16.1/nios2eds/bin/gnu/h-x86_64-mingw32/bin/../lib/gcc/nios2-elf/5.3.0/../../../../../H-x86_64-mingw32/nios2-elf/lib\libc.a(lib_a-impure.o)
                0x000000000400f7ec                _global_impure_ptr
 .sdata._impure_ptr
                0x000000000400f7f0        0x4 c:/intelfpga_lite/16.1/nios2eds/bin/gnu/h-x86_64-mingw32/bin/../lib/gcc/nios2-elf/5.3.0/../../../../../H-x86_64-mingw32/nios2-elf/lib\libc.a(lib_a-impure.o)
                0x000000000400f7f0                _impure_ptr
 .sdata.__malloc_sbrk_base
                0x000000000400f7f4        0x4 c:/intelfpga_lite/16.1/nios2eds/bin/gnu/h-x86_64-mingw32/bin/../lib/gcc/nios2-elf/5.3.0/../../../../../H-x86_64-mingw32/nios2-elf/lib\libc.a(lib_a-mallocr.o)
                0x000000000400f7f4                __malloc_sbrk_base
 .sdata.__malloc_trim_threshold
                0x000000000400f7f8        0x4 c:/intelfpga_lite/16.1/nios2eds/bin/gnu/h-x86_64-mingw32/bin/../lib/gcc/nios2-elf/5.3.0/../../../../../H-x86_64-mingw32/nios2-elf/lib\libc.a(lib_a-mallocr.o)
                0x000000000400f7f8                __malloc_trim_threshold
 .sdata         0x000000000400f7fc       0x14 ../td2_bsp/\libucosii_bsp.a(alt_dev.o)
                0x000000000400f7fc                alt_fs_list
                0x000000000400f804                alt_dev_list
                0x000000000400f80c                alt_max_fd
 .sdata         0x000000000400f810        0x4 ../td2_bsp/\libucosii_bsp.a(alt_errno.o)
                0x000000000400f810                alt_errno
 .sdata         0x000000000400f814        0x4 ../td2_bsp/\libucosii_bsp.a(alt_sbrk.o)
 .sdata         0x000000000400f818        0x4 ../td2_bsp/\libucosii_bsp.a(alt_env_lock.o)
 .sdata         0x000000000400f81c        0x4 ../td2_bsp/\libucosii_bsp.a(alt_malloc_lock.o)
 .sdata         0x000000000400f820       0x72 ../td2_bsp/\libucosii_bsp.a(os_dbg.o)
                0x000000000400f820                OSDebugEn
                0x000000000400f824                OSEndiannessTest
                0x000000000400f828                OSEventEn
                0x000000000400f82a                OSEventMax
                0x000000000400f82c                OSEventNameSize
                0x000000000400f82e                OSEventSize
                0x000000000400f830                OSEventTblSize
                0x000000000400f832                OSEventMultiEn
                0x000000000400f834                OSFlagEn
                0x000000000400f836                OSFlagGrpSize
                0x000000000400f838                OSFlagNodeSize
                0x000000000400f83a                OSFlagWidth
                0x000000000400f83c                OSFlagMax
                0x000000000400f83e                OSFlagNameSize
                0x000000000400f840                OSLowestPrio
                0x000000000400f842                OSMboxEn
                0x000000000400f844                OSMemEn
                0x000000000400f846                OSMemMax
                0x000000000400f848                OSMemNameSize
                0x000000000400f84a                OSMemSize
                0x000000000400f84c                OSMemTblSize
                0x000000000400f84e                OSMutexEn
                0x000000000400f850                OSPtrSize
                0x000000000400f852                OSQEn
                0x000000000400f854                OSQMax
                0x000000000400f856                OSQSize
                0x000000000400f858                OSRdyTblSize
                0x000000000400f85a                OSSemEn
                0x000000000400f85c                OSStkWidth
                0x000000000400f85e                OSTaskCreateEn
                0x000000000400f860                OSTaskCreateExtEn
                0x000000000400f862                OSTaskDelEn
                0x000000000400f864                OSTaskIdleStkSize
                0x000000000400f866                OSTaskProfileEn
                0x000000000400f868                OSTaskMax
                0x000000000400f86a                OSTaskNameSize
                0x000000000400f86c                OSTaskStatEn
                0x000000000400f86e                OSTaskStatStkSize
                0x000000000400f870                OSTaskStatStkChkEn
                0x000000000400f872                OSTaskSwHookEn
                0x000000000400f874                OSTCBPrioTblMax
                0x000000000400f876                OSTCBSize
                0x000000000400f878                OSTicksPerSec
                0x000000000400f87a                OSTimeTickHookEn
                0x000000000400f87c                OSVersionNbr
                0x000000000400f87e                OSTmrEn
                0x000000000400f880                OSTmrCfgMax
                0x000000000400f882                OSTmrCfgNameSize
                0x000000000400f884                OSTmrCfgWheelSize
                0x000000000400f886                OSTmrCfgTicksPerSec
                0x000000000400f888                OSTmrSize
                0x000000000400f88a                OSTmrTblSize
                0x000000000400f88c                OSTmrWheelSize
                0x000000000400f88e                OSTmrWheelTblSize
                0x000000000400f890                OSDataSize
 *fill*         0x000000000400f892        0x2 
 .sdata         0x000000000400f894        0x4 ../td2_bsp/\libucosii_bsp.a(alt_irq_vars.o)
                0x000000000400f894                alt_priority_mask
 .sdata         0x000000000400f898        0x8 ../td2_bsp/\libucosii_bsp.a(alt_tick.o)
                0x000000000400f898                alt_alarm_list
 *(.sdata2 .sdata2.* .gnu.linkonce.s2.*)
                0x000000000400f8a0                . = ALIGN (0x4)
                0x000000000400f8a0                _edata = ABSOLUTE (.)
                [!provide]                        PROVIDE (edata, ABSOLUTE (.))
                0x000000000400f8a0                PROVIDE (__ram_rwdata_end, ABSOLUTE (.))
                0x000000000400f8a0                PROVIDE (__flash_rwdata_start, LOADADDR (.rwdata))

.bss            0x00000000040113bc     0x73dc
                0x00000000040113bc                __bss_start = ABSOLUTE (.)
                [!provide]                        PROVIDE (__sbss_start, ABSOLUTE (.))
                [!provide]                        PROVIDE (___sbss_start, ABSOLUTE (.))
 *(.dynsbss)
 *(.sbss .sbss.* .gnu.linkonce.sb.*)
 .sbss.__malloc_max_total_mem
                0x00000000040113bc        0x4 c:/intelfpga_lite/16.1/nios2eds/bin/gnu/h-x86_64-mingw32/bin/../lib/gcc/nios2-elf/5.3.0/../../../../../H-x86_64-mingw32/nios2-elf/lib\libc.a(lib_a-mallocr.o)
                0x00000000040113bc                __malloc_max_total_mem
 .sbss.__malloc_max_sbrked_mem
                0x00000000040113c0        0x4 c:/intelfpga_lite/16.1/nios2eds/bin/gnu/h-x86_64-mingw32/bin/../lib/gcc/nios2-elf/5.3.0/../../../../../H-x86_64-mingw32/nios2-elf/lib\libc.a(lib_a-mallocr.o)
                0x00000000040113c0                __malloc_max_sbrked_mem
 .sbss.__malloc_top_pad
                0x00000000040113c4        0x4 c:/intelfpga_lite/16.1/nios2eds/bin/gnu/h-x86_64-mingw32/bin/../lib/gcc/nios2-elf/5.3.0/../../../../../H-x86_64-mingw32/nios2-elf/lib\libc.a(lib_a-mallocr.o)
                0x00000000040113c4                __malloc_top_pad
 .sbss          0x00000000040113c8        0x4 c:/intelfpga_lite/16.1/nios2eds/bin/gnu/h-x86_64-mingw32/bin/../lib/gcc/nios2-elf/5.3.0/../../../../../H-x86_64-mingw32/nios2-elf/lib\libc.a(lib_a-int_errno.o)
                0x00000000040113c8                errno
 .sbss          0x00000000040113cc        0x4 ../td2_bsp/\libucosii_bsp.a(alt_dev.o)
                0x00000000040113cc                alt_fd_list_lock
 .sbss          0x00000000040113d0        0xc ../td2_bsp/\libucosii_bsp.a(alt_main.o)
                0x00000000040113d0                alt_argc
                0x00000000040113d4                alt_argv
                0x00000000040113d8                alt_envp
 .sbss          0x00000000040113dc        0x8 ../td2_bsp/\libucosii_bsp.a(alt_env_lock.o)
                0x00000000040113e0                alt_envsem
 .sbss          0x00000000040113e4        0x8 ../td2_bsp/\libucosii_bsp.a(alt_malloc_lock.o)
                0x00000000040113e8                alt_heapsem
 .sbss          0x00000000040113ec       0x50 ../td2_bsp/\libucosii_bsp.a(os_core.o)
                0x00000000040113ec                OSLockNesting
                0x00000000040113ed                OSRunning
                0x00000000040113f0                OSIdleCtr
                0x00000000040113f4                OSPrioHighRdy
                0x00000000040113f5                OSPrioCur
                0x00000000040113f8                OSTCBList
                0x00000000040113fc                OSTickStepState
                0x0000000004011400                OSCtxSwCtr
                0x0000000004011404                OSIdleCtrMax
                0x0000000004011408                OSTCBFreeList
                0x000000000401140c                OSCPUUsage
                0x000000000401140d                OSTaskCtr
                0x0000000004011410                OSMemFreeList
                0x0000000004011414                OSTCBHighRdy
                0x0000000004011418                OSQFreeList
                0x000000000401141c                OSRdyGrp
                0x000000000401141d                OSRdyTbl
                0x0000000004011420                OSEventFreeList
                0x0000000004011424                OSIntNesting
                0x0000000004011428                OSTCBCur
                0x000000000401142c                OSTime
                0x0000000004011430                OSFlagFreeList
                0x0000000004011434                OSStatRdy
                0x0000000004011438                OSIdleCtrRun
 .sbss          0x000000000401143c        0x4 ../td2_bsp/\libucosii_bsp.a(alt_irq_vars.o)
                0x000000000401143c                alt_irq_active
 .sbss          0x0000000004011440        0x8 ../td2_bsp/\libucosii_bsp.a(alt_tick.o)
                0x0000000004011440                _alt_tick_rate
                0x0000000004011444                _alt_nticks
 .sbss          0x0000000004011448        0x4 ../td2_bsp/\libucosii_bsp.a(alt_instruction_exception_entry.o)
                0x0000000004011448                alt_instruction_exception_handler
 *(.sbss2 .sbss2.* .gnu.linkonce.sb2.*)
 *(.scommon)
                [!provide]                        PROVIDE (__sbss_end, ABSOLUTE (.))
                [!provide]                        PROVIDE (___sbss_end, ABSOLUTE (.))
 *(.dynbss)
 *(.bss .bss.* .gnu.linkonce.b.*)
 .bss           0x000000000401144c        0x0 ../td2_bsp//obj/HAL/src/crt0.o
 .bss           0x000000000401144c        0x0 obj/default/hello_ucosii.o
 .bss           0x000000000401144c        0x0 c:/intelfpga_lite/16.1/nios2eds/bin/gnu/h-x86_64-mingw32/bin/../lib/gcc/nios2-elf/5.3.0\libgcc.a(lib2-divmod.o)
 .bss           0x000000000401144c        0x0 c:/intelfpga_lite/16.1/nios2eds/bin/gnu/h-x86_64-mingw32/bin/../lib/gcc/nios2-elf/5.3.0/../../../../../H-x86_64-mingw32/nios2-elf/lib\libc.a(lib_a-puts.o)
 .bss           0x000000000401144c        0x0 c:/intelfpga_lite/16.1/nios2eds/bin/gnu/h-x86_64-mingw32/bin/../lib/gcc/nios2-elf/5.3.0/../../../../../H-x86_64-mingw32/nios2-elf/lib\libc.a(lib_a-strlen.o)
 .bss           0x000000000401144c        0x0 c:/intelfpga_lite/16.1/nios2eds/bin/gnu/h-x86_64-mingw32/bin/../lib/gcc/nios2-elf/5.3.0/../../../../../H-x86_64-mingw32/nios2-elf/lib\libc.a(lib_a-findfp.o)
 .bss           0x000000000401144c        0x0 c:/intelfpga_lite/16.1/nios2eds/bin/gnu/h-x86_64-mingw32/bin/../lib/gcc/nios2-elf/5.3.0/../../../../../H-x86_64-mingw32/nios2-elf/lib\libc.a(lib_a-fvwrite.o)
 .bss           0x000000000401144c        0x0 c:/intelfpga_lite/16.1/nios2eds/bin/gnu/h-x86_64-mingw32/bin/../lib/gcc/nios2-elf/5.3.0/../../../../../H-x86_64-mingw32/nios2-elf/lib\libc.a(lib_a-fwalk.o)
 .bss           0x000000000401144c        0x0 c:/intelfpga_lite/16.1/nios2eds/bin/gnu/h-x86_64-mingw32/bin/../lib/gcc/nios2-elf/5.3.0/../../../../../H-x86_64-mingw32/nios2-elf/lib\libc.a(lib_a-impure.o)
 .bss           0x000000000401144c        0x0 c:/intelfpga_lite/16.1/nios2eds/bin/gnu/h-x86_64-mingw32/bin/../lib/gcc/nios2-elf/5.3.0/../../../../../H-x86_64-mingw32/nios2-elf/lib\libc.a(lib_a-mallocr.o)
 .bss.__malloc_current_mallinfo
                0x000000000401144c       0x28 c:/intelfpga_lite/16.1/nios2eds/bin/gnu/h-x86_64-mingw32/bin/../lib/gcc/nios2-elf/5.3.0/../../../../../H-x86_64-mingw32/nios2-elf/lib\libc.a(lib_a-mallocr.o)
                0x000000000401144c                __malloc_current_mallinfo
 .bss           0x0000000004011474        0x0 c:/intelfpga_lite/16.1/nios2eds/bin/gnu/h-x86_64-mingw32/bin/../lib/gcc/nios2-elf/5.3.0/../../../../../H-x86_64-mingw32/nios2-elf/lib\libc.a(lib_a-memchr.o)
 .bss           0x0000000004011474        0x0 c:/intelfpga_lite/16.1/nios2eds/bin/gnu/h-x86_64-mingw32/bin/../lib/gcc/nios2-elf/5.3.0/../../../../../H-x86_64-mingw32/nios2-elf/lib\libc.a(lib_a-memcpy.o)
 .bss           0x0000000004011474        0x0 c:/intelfpga_lite/16.1/nios2eds/bin/gnu/h-x86_64-mingw32/bin/../lib/gcc/nios2-elf/5.3.0/../../../../../H-x86_64-mingw32/nios2-elf/lib\libc.a(lib_a-memmove.o)
 .bss           0x0000000004011474        0x0 c:/intelfpga_lite/16.1/nios2eds/bin/gnu/h-x86_64-mingw32/bin/../lib/gcc/nios2-elf/5.3.0/../../../../../H-x86_64-mingw32/nios2-elf/lib\libc.a(lib_a-memset.o)
 .bss           0x0000000004011474        0x0 c:/intelfpga_lite/16.1/nios2eds/bin/gnu/h-x86_64-mingw32/bin/../lib/gcc/nios2-elf/5.3.0/../../../../../H-x86_64-mingw32/nios2-elf/lib\libc.a(lib_a-reallocr.o)
 .bss           0x0000000004011474        0x0 c:/intelfpga_lite/16.1/nios2eds/bin/gnu/h-x86_64-mingw32/bin/../lib/gcc/nios2-elf/5.3.0/../../../../../H-x86_64-mingw32/nios2-elf/lib\libc.a(lib_a-sbrkr.o)
 .bss           0x0000000004011474        0x0 c:/intelfpga_lite/16.1/nios2eds/bin/gnu/h-x86_64-mingw32/bin/../lib/gcc/nios2-elf/5.3.0/../../../../../H-x86_64-mingw32/nios2-elf/lib\libc.a(lib_a-stdio.o)
 .bss           0x0000000004011474        0x0 c:/intelfpga_lite/16.1/nios2eds/bin/gnu/h-x86_64-mingw32/bin/../lib/gcc/nios2-elf/5.3.0/../../../../../H-x86_64-mingw32/nios2-elf/lib\libc.a(lib_a-writer.o)
 .bss           0x0000000004011474        0x0 c:/intelfpga_lite/16.1/nios2eds/bin/gnu/h-x86_64-mingw32/bin/../lib/gcc/nios2-elf/5.3.0/../../../../../H-x86_64-mingw32/nios2-elf/lib\libc.a(lib_a-wsetup.o)
 .bss           0x0000000004011474        0x0 c:/intelfpga_lite/16.1/nios2eds/bin/gnu/h-x86_64-mingw32/bin/../lib/gcc/nios2-elf/5.3.0/../../../../../H-x86_64-mingw32/nios2-elf/lib\libc.a(closer.o)
 .bss           0x0000000004011474        0x0 c:/intelfpga_lite/16.1/nios2eds/bin/gnu/h-x86_64-mingw32/bin/../lib/gcc/nios2-elf/5.3.0/../../../../../H-x86_64-mingw32/nios2-elf/lib\libc.a(lib_a-fclose.o)
 .bss           0x0000000004011474        0x0 c:/intelfpga_lite/16.1/nios2eds/bin/gnu/h-x86_64-mingw32/bin/../lib/gcc/nios2-elf/5.3.0/../../../../../H-x86_64-mingw32/nios2-elf/lib\libc.a(lib_a-fflush.o)
 .bss           0x0000000004011474        0x0 c:/intelfpga_lite/16.1/nios2eds/bin/gnu/h-x86_64-mingw32/bin/../lib/gcc/nios2-elf/5.3.0/../../../../../H-x86_64-mingw32/nios2-elf/lib\libc.a(lib_a-freer.o)
 .bss           0x0000000004011474        0x0 c:/intelfpga_lite/16.1/nios2eds/bin/gnu/h-x86_64-mingw32/bin/../lib/gcc/nios2-elf/5.3.0/../../../../../H-x86_64-mingw32/nios2-elf/lib\libc.a(lib_a-int_errno.o)
 .bss           0x0000000004011474        0x0 c:/intelfpga_lite/16.1/nios2eds/bin/gnu/h-x86_64-mingw32/bin/../lib/gcc/nios2-elf/5.3.0/../../../../../H-x86_64-mingw32/nios2-elf/lib\libc.a(lib_a-lseekr.o)
 .bss           0x0000000004011474        0x0 c:/intelfpga_lite/16.1/nios2eds/bin/gnu/h-x86_64-mingw32/bin/../lib/gcc/nios2-elf/5.3.0/../../../../../H-x86_64-mingw32/nios2-elf/lib\libc.a(lib_a-makebuf.o)
 .bss           0x0000000004011474        0x0 c:/intelfpga_lite/16.1/nios2eds/bin/gnu/h-x86_64-mingw32/bin/../lib/gcc/nios2-elf/5.3.0/../../../../../H-x86_64-mingw32/nios2-elf/lib\libc.a(lib_a-readr.o)
 .bss           0x0000000004011474        0x0 c:/intelfpga_lite/16.1/nios2eds/bin/gnu/h-x86_64-mingw32/bin/../lib/gcc/nios2-elf/5.3.0/../../../../../H-x86_64-mingw32/nios2-elf/lib\libc.a(lib_a-fstatr.o)
 .bss           0x0000000004011474        0x0 c:/intelfpga_lite/16.1/nios2eds/bin/gnu/h-x86_64-mingw32/bin/../lib/gcc/nios2-elf/5.3.0/../../../../../H-x86_64-mingw32/nios2-elf/lib\libc.a(lib_a-isattyr.o)
 .bss           0x0000000004011474        0x0 ../td2_bsp/\libucosii_bsp.a(alt_close.o)
 .bss           0x0000000004011474        0x0 ../td2_bsp/\libucosii_bsp.a(alt_dev.o)
 .bss           0x0000000004011474        0x0 ../td2_bsp/\libucosii_bsp.a(alt_errno.o)
 .bss           0x0000000004011474        0x0 ../td2_bsp/\libucosii_bsp.a(alt_fstat.o)
 .bss           0x0000000004011474        0x0 ../td2_bsp/\libucosii_bsp.a(alt_isatty.o)
 .bss           0x0000000004011474        0x0 ../td2_bsp/\libucosii_bsp.a(alt_load.o)
 .bss           0x0000000004011474        0x0 ../td2_bsp/\libucosii_bsp.a(alt_lseek.o)
 .bss           0x0000000004011474        0x0 ../td2_bsp/\libucosii_bsp.a(alt_main.o)
 .bss           0x0000000004011474        0x0 ../td2_bsp/\libucosii_bsp.a(alt_read.o)
 .bss           0x0000000004011474        0x0 ../td2_bsp/\libucosii_bsp.a(alt_release_fd.o)
 .bss           0x0000000004011474        0x0 ../td2_bsp/\libucosii_bsp.a(alt_sbrk.o)
 .bss           0x0000000004011474        0x0 ../td2_bsp/\libucosii_bsp.a(alt_write.o)
 .bss           0x0000000004011474        0x0 ../td2_bsp/\libucosii_bsp.a(alt_env_lock.o)
 .bss           0x0000000004011474        0x0 ../td2_bsp/\libucosii_bsp.a(alt_malloc_lock.o)
 .bss           0x0000000004011474        0x0 ../td2_bsp/\libucosii_bsp.a(os_core.o)
 .bss           0x0000000004011474        0x0 ../td2_bsp/\libucosii_bsp.a(os_dbg.o)
 .bss           0x0000000004011474        0x0 ../td2_bsp/\libucosii_bsp.a(os_flag.o)
 .bss           0x0000000004011474        0x0 ../td2_bsp/\libucosii_bsp.a(os_mem.o)
 .bss           0x0000000004011474        0x0 ../td2_bsp/\libucosii_bsp.a(os_q.o)
 .bss           0x0000000004011474        0x0 ../td2_bsp/\libucosii_bsp.a(os_sem.o)
 .bss           0x0000000004011474        0x0 ../td2_bsp/\libucosii_bsp.a(os_task.o)
 .bss           0x0000000004011474        0x0 ../td2_bsp/\libucosii_bsp.a(os_time.o)
 .bss           0x0000000004011474        0x0 ../td2_bsp/\libucosii_bsp.a(alt_sys_init.o)
 .bss           0x0000000004011474        0x0 ../td2_bsp/\libucosii_bsp.a(altera_avalon_jtag_uart_fd.o)
 .bss           0x0000000004011474        0x0 ../td2_bsp/\libucosii_bsp.a(altera_avalon_jtag_uart_init.o)
 .bss           0x0000000004011474        0x0 ../td2_bsp/\libucosii_bsp.a(altera_avalon_jtag_uart_ioctl.o)
 .bss           0x0000000004011474        0x0 ../td2_bsp/\libucosii_bsp.a(altera_avalon_jtag_uart_read.o)
 .bss           0x0000000004011474        0x0 ../td2_bsp/\libucosii_bsp.a(altera_avalon_jtag_uart_write.o)
 .bss           0x0000000004011474        0x0 ../td2_bsp/\libucosii_bsp.a(altera_avalon_timer_sc.o)
 .bss           0x0000000004011474        0x0 ../td2_bsp/\libucosii_bsp.a(alt_alarm_start.o)
 .bss           0x0000000004011474        0x0 ../td2_bsp/\libucosii_bsp.a(alt_dcache_flush_all.o)
 .bss           0x0000000004011474        0x0 ../td2_bsp/\libucosii_bsp.a(alt_dev_llist_insert.o)
 .bss           0x0000000004011474        0x0 ../td2_bsp/\libucosii_bsp.a(alt_do_ctors.o)
 .bss           0x0000000004011474        0x0 ../td2_bsp/\libucosii_bsp.a(alt_do_dtors.o)
 .bss           0x0000000004011474        0x0 ../td2_bsp/\libucosii_bsp.a(alt_icache_flush_all.o)
 .bss           0x0000000004011474        0x0 ../td2_bsp/\libucosii_bsp.a(alt_iic.o)
 .bss           0x0000000004011474        0x0 ../td2_bsp/\libucosii_bsp.a(alt_iic_isr_register.o)
 .bss           0x0000000004011474        0x0 ../td2_bsp/\libucosii_bsp.a(alt_io_redirect.o)
 .bss           0x0000000004011474        0x0 ../td2_bsp/\libucosii_bsp.a(alt_irq_entry.o)
 .bss           0x0000000004011474        0x0 ../td2_bsp/\libucosii_bsp.a(alt_irq_handler.o)
 .bss           0x0000000004011474        0x0 ../td2_bsp/\libucosii_bsp.a(alt_irq_vars.o)
 .bss           0x0000000004011474        0x0 ../td2_bsp/\libucosii_bsp.a(alt_open.o)
 .bss           0x0000000004011474        0x0 ../td2_bsp/\libucosii_bsp.a(alt_tick.o)
 .bss           0x0000000004011474        0x0 ../td2_bsp/\libucosii_bsp.a(altera_nios2_gen2_irq.o)
 .bss           0x0000000004011474        0x0 ../td2_bsp/\libucosii_bsp.a(os_cpu_a.o)
 .bss           0x0000000004011474        0x0 ../td2_bsp/\libucosii_bsp.a(os_cpu_c.o)
 .bss           0x0000000004011474        0x0 ../td2_bsp/\libucosii_bsp.a(alt_exception_entry.o)
 .bss           0x0000000004011474        0x0 ../td2_bsp/\libucosii_bsp.a(alt_find_dev.o)
 .bss           0x0000000004011474        0x0 ../td2_bsp/\libucosii_bsp.a(alt_find_file.o)
 .bss           0x0000000004011474        0x0 ../td2_bsp/\libucosii_bsp.a(alt_get_fd.o)
 .bss           0x0000000004011474        0x0 ../td2_bsp/\libucosii_bsp.a(alt_icache_flush.o)
 .bss           0x0000000004011474        0x0 ../td2_bsp/\libucosii_bsp.a(alt_instruction_exception_entry.o)
 .bss           0x0000000004011474        0x0 c:/intelfpga_lite/16.1/nios2eds/bin/gnu/h-x86_64-mingw32/bin/../lib/gcc/nios2-elf/5.3.0/../../../../../H-x86_64-mingw32/nios2-elf/lib\libc.a(lib_a-atexit.o)
 .bss           0x0000000004011474        0x0 c:/intelfpga_lite/16.1/nios2eds/bin/gnu/h-x86_64-mingw32/bin/../lib/gcc/nios2-elf/5.3.0/../../../../../H-x86_64-mingw32/nios2-elf/lib\libc.a(lib_a-exit.o)
 .bss           0x0000000004011474        0x0 c:/intelfpga_lite/16.1/nios2eds/bin/gnu/h-x86_64-mingw32/bin/../lib/gcc/nios2-elf/5.3.0/../../../../../H-x86_64-mingw32/nios2-elf/lib\libc.a(lib_a-memcmp.o)
 .bss           0x0000000004011474        0x0 c:/intelfpga_lite/16.1/nios2eds/bin/gnu/h-x86_64-mingw32/bin/../lib/gcc/nios2-elf/5.3.0/../../../../../H-x86_64-mingw32/nios2-elf/lib\libc.a(lib_a-__atexit.o)
 .bss           0x0000000004011474        0x0 c:/intelfpga_lite/16.1/nios2eds/bin/gnu/h-x86_64-mingw32/bin/../lib/gcc/nios2-elf/5.3.0/../../../../../H-x86_64-mingw32/nios2-elf/lib\libc.a(lib_a-__call_atexit.o)
 .bss           0x0000000004011474        0x0 ../td2_bsp/\libucosii_bsp.a(alt_exit.o)
 *(COMMON)
 COMMON         0x0000000004011474     0x4000 obj/default/hello_ucosii.o
                0x0000000004011474                task1_stk
                0x0000000004013474                task2_stk
 COMMON         0x0000000004015474     0x3224 ../td2_bsp/\libucosii_bsp.a(os_core.o)
                0x0000000004015474                OSFlagTbl
                0x00000000040157e4                OSMemTbl
                0x0000000004016414                OSTaskStatStk
                0x0000000004016c14                OSQTbl
                0x0000000004016df4                OSTaskIdleStk
                0x00000000040175f4                OSEventTbl
                0x0000000004018134                OSTCBTbl
                0x0000000004018644                OSTCBPrioTbl
 COMMON         0x0000000004018698      0x100 ../td2_bsp/\libucosii_bsp.a(alt_irq_handler.o)
                0x0000000004018698                alt_irq
                0x0000000004018798                . = ALIGN (0x4)
                0x0000000004018798                __bss_end = ABSOLUTE (.)

.sdram          0x0000000004018798        0x0
                [!provide]                        PROVIDE (_alt_partition_sdram_start, ABSOLUTE (.))
 *(.sdram .sdram. sdram.*)
                0x0000000004018798                . = ALIGN (0x4)
                [!provide]                        PROVIDE (_alt_partition_sdram_end, ABSOLUTE (.))
                0x0000000004018798                _end = ABSOLUTE (.)
                0x0000000004018798                end = ABSOLUTE (.)
                0x0000000004018798                __alt_stack_base = ABSOLUTE (.)
                [!provide]                        PROVIDE (_alt_partition_sdram_load_addr, LOADADDR (.sdram))

.onchip_memory2_0
                0x0000000008002000        0x0 load address 0x0000000004018798
                [!provide]                        PROVIDE (_alt_partition_onchip_memory2_0_start, ABSOLUTE (.))
 *(.onchip_memory2_0 .onchip_memory2_0. onchip_memory2_0.*)
                0x0000000008002000                . = ALIGN (0x4)
                [!provide]                        PROVIDE (_alt_partition_onchip_memory2_0_end, ABSOLUTE (.))
                [!provide]                        PROVIDE (_alt_partition_onchip_memory2_0_load_addr, LOADADDR (.onchip_memory2_0))

.stab
 *(.stab)

.stabstr
 *(.stabstr)

.stab.excl
 *(.stab.excl)

.stab.exclstr
 *(.stab.exclstr)

.stab.index
 *(.stab.index)

.stab.indexstr
 *(.stab.indexstr)

.comment        0x0000000000000000       0x23
 *(.comment)
 .comment       0x0000000000000000       0x23 obj/default/hello_ucosii.o
                                         0x24 (size before relaxing)
 .comment       0x0000000000000023       0x24 c:/intelfpga_lite/16.1/nios2eds/bin/gnu/h-x86_64-mingw32/bin/../lib/gcc/nios2-elf/5.3.0\libgcc.a(lib2-divmod.o)
 .comment       0x0000000000000023       0x24 c:/intelfpga_lite/16.1/nios2eds/bin/gnu/h-x86_64-mingw32/bin/../lib/gcc/nios2-elf/5.3.0/../../../../../H-x86_64-mingw32/nios2-elf/lib\libc.a(lib_a-puts.o)
 .comment       0x0000000000000023       0x24 c:/intelfpga_lite/16.1/nios2eds/bin/gnu/h-x86_64-mingw32/bin/../lib/gcc/nios2-elf/5.3.0/../../../../../H-x86_64-mingw32/nios2-elf/lib\libc.a(lib_a-strlen.o)
 .comment       0x0000000000000023       0x24 c:/intelfpga_lite/16.1/nios2eds/bin/gnu/h-x86_64-mingw32/bin/../lib/gcc/nios2-elf/5.3.0/../../../../../H-x86_64-mingw32/nios2-elf/lib\libc.a(lib_a-findfp.o)
 .comment       0x0000000000000023       0x24 c:/intelfpga_lite/16.1/nios2eds/bin/gnu/h-x86_64-mingw32/bin/../lib/gcc/nios2-elf/5.3.0/../../../../../H-x86_64-mingw32/nios2-elf/lib\libc.a(lib_a-fvwrite.o)
 .comment       0x0000000000000023       0x24 c:/intelfpga_lite/16.1/nios2eds/bin/gnu/h-x86_64-mingw32/bin/../lib/gcc/nios2-elf/5.3.0/../../../../../H-x86_64-mingw32/nios2-elf/lib\libc.a(lib_a-fwalk.o)
 .comment       0x0000000000000023       0x24 c:/intelfpga_lite/16.1/nios2eds/bin/gnu/h-x86_64-mingw32/bin/../lib/gcc/nios2-elf/5.3.0/../../../../../H-x86_64-mingw32/nios2-elf/lib\libc.a(lib_a-impure.o)
 .comment       0x0000000000000023       0x24 c:/intelfpga_lite/16.1/nios2eds/bin/gnu/h-x86_64-mingw32/bin/../lib/gcc/nios2-elf/5.3.0/../../../../../H-x86_64-mingw32/nios2-elf/lib\libc.a(lib_a-mallocr.o)
 .comment       0x0000000000000023       0x24 c:/intelfpga_lite/16.1/nios2eds/bin/gnu/h-x86_64-mingw32/bin/../lib/gcc/nios2-elf/5.3.0/../../../../../H-x86_64-mingw32/nios2-elf/lib\libc.a(lib_a-memchr.o)
 .comment       0x0000000000000023       0x24 c:/intelfpga_lite/16.1/nios2eds/bin/gnu/h-x86_64-mingw32/bin/../lib/gcc/nios2-elf/5.3.0/../../../../../H-x86_64-mingw32/nios2-elf/lib\libc.a(lib_a-memcpy.o)
 .comment       0x0000000000000023       0x24 c:/intelfpga_lite/16.1/nios2eds/bin/gnu/h-x86_64-mingw32/bin/../lib/gcc/nios2-elf/5.3.0/../../../../../H-x86_64-mingw32/nios2-elf/lib\libc.a(lib_a-memmove.o)
 .comment       0x0000000000000023       0x24 c:/intelfpga_lite/16.1/nios2eds/bin/gnu/h-x86_64-mingw32/bin/../lib/gcc/nios2-elf/5.3.0/../../../../../H-x86_64-mingw32/nios2-elf/lib\libc.a(lib_a-memset.o)
 .comment       0x0000000000000023       0x24 c:/intelfpga_lite/16.1/nios2eds/bin/gnu/h-x86_64-mingw32/bin/../lib/gcc/nios2-elf/5.3.0/../../../../../H-x86_64-mingw32/nios2-elf/lib\libc.a(lib_a-reallocr.o)
 .comment       0x0000000000000023       0x24 c:/intelfpga_lite/16.1/nios2eds/bin/gnu/h-x86_64-mingw32/bin/../lib/gcc/nios2-elf/5.3.0/../../../../../H-x86_64-mingw32/nios2-elf/lib\libc.a(lib_a-sbrkr.o)
 .comment       0x0000000000000023       0x24 c:/intelfpga_lite/16.1/nios2eds/bin/gnu/h-x86_64-mingw32/bin/../lib/gcc/nios2-elf/5.3.0/../../../../../H-x86_64-mingw32/nios2-elf/lib\libc.a(lib_a-stdio.o)
 .comment       0x0000000000000023       0x24 c:/intelfpga_lite/16.1/nios2eds/bin/gnu/h-x86_64-mingw32/bin/../lib/gcc/nios2-elf/5.3.0/../../../../../H-x86_64-mingw32/nios2-elf/lib\libc.a(lib_a-writer.o)
 .comment       0x0000000000000023       0x24 c:/intelfpga_lite/16.1/nios2eds/bin/gnu/h-x86_64-mingw32/bin/../lib/gcc/nios2-elf/5.3.0/../../../../../H-x86_64-mingw32/nios2-elf/lib\libc.a(lib_a-wsetup.o)
 .comment       0x0000000000000023       0x24 c:/intelfpga_lite/16.1/nios2eds/bin/gnu/h-x86_64-mingw32/bin/../lib/gcc/nios2-elf/5.3.0/../../../../../H-x86_64-mingw32/nios2-elf/lib\libc.a(closer.o)
 .comment       0x0000000000000023       0x24 c:/intelfpga_lite/16.1/nios2eds/bin/gnu/h-x86_64-mingw32/bin/../lib/gcc/nios2-elf/5.3.0/../../../../../H-x86_64-mingw32/nios2-elf/lib\libc.a(lib_a-fclose.o)
 .comment       0x0000000000000023       0x24 c:/intelfpga_lite/16.1/nios2eds/bin/gnu/h-x86_64-mingw32/bin/../lib/gcc/nios2-elf/5.3.0/../../../../../H-x86_64-mingw32/nios2-elf/lib\libc.a(lib_a-fflush.o)
 .comment       0x0000000000000023       0x24 c:/intelfpga_lite/16.1/nios2eds/bin/gnu/h-x86_64-mingw32/bin/../lib/gcc/nios2-elf/5.3.0/../../../../../H-x86_64-mingw32/nios2-elf/lib\libc.a(lib_a-freer.o)
 .comment       0x0000000000000023       0x24 c:/intelfpga_lite/16.1/nios2eds/bin/gnu/h-x86_64-mingw32/bin/../lib/gcc/nios2-elf/5.3.0/../../../../../H-x86_64-mingw32/nios2-elf/lib\libc.a(lib_a-int_errno.o)
 .comment       0x0000000000000023       0x24 c:/intelfpga_lite/16.1/nios2eds/bin/gnu/h-x86_64-mingw32/bin/../lib/gcc/nios2-elf/5.3.0/../../../../../H-x86_64-mingw32/nios2-elf/lib\libc.a(lib_a-lseekr.o)
 .comment       0x0000000000000023       0x24 c:/intelfpga_lite/16.1/nios2eds/bin/gnu/h-x86_64-mingw32/bin/../lib/gcc/nios2-elf/5.3.0/../../../../../H-x86_64-mingw32/nios2-elf/lib\libc.a(lib_a-makebuf.o)
 .comment       0x0000000000000023       0x24 c:/intelfpga_lite/16.1/nios2eds/bin/gnu/h-x86_64-mingw32/bin/../lib/gcc/nios2-elf/5.3.0/../../../../../H-x86_64-mingw32/nios2-elf/lib\libc.a(lib_a-readr.o)
 .comment       0x0000000000000023       0x24 c:/intelfpga_lite/16.1/nios2eds/bin/gnu/h-x86_64-mingw32/bin/../lib/gcc/nios2-elf/5.3.0/../../../../../H-x86_64-mingw32/nios2-elf/lib\libc.a(lib_a-fstatr.o)
 .comment       0x0000000000000023       0x24 c:/intelfpga_lite/16.1/nios2eds/bin/gnu/h-x86_64-mingw32/bin/../lib/gcc/nios2-elf/5.3.0/../../../../../H-x86_64-mingw32/nios2-elf/lib\libc.a(lib_a-isattyr.o)
 .comment       0x0000000000000023       0x24 ../td2_bsp/\libucosii_bsp.a(alt_close.o)
 .comment       0x0000000000000023       0x24 ../td2_bsp/\libucosii_bsp.a(alt_dev.o)
 .comment       0x0000000000000023       0x24 ../td2_bsp/\libucosii_bsp.a(alt_errno.o)
 .comment       0x0000000000000023       0x24 ../td2_bsp/\libucosii_bsp.a(alt_fstat.o)
 .comment       0x0000000000000023       0x24 ../td2_bsp/\libucosii_bsp.a(alt_isatty.o)
 .comment       0x0000000000000023       0x24 ../td2_bsp/\libucosii_bsp.a(alt_load.o)
 .comment       0x0000000000000023       0x24 ../td2_bsp/\libucosii_bsp.a(alt_lseek.o)
 .comment       0x0000000000000023       0x24 ../td2_bsp/\libucosii_bsp.a(alt_main.o)
 .comment       0x0000000000000023       0x24 ../td2_bsp/\libucosii_bsp.a(alt_read.o)
 .comment       0x0000000000000023       0x24 ../td2_bsp/\libucosii_bsp.a(alt_release_fd.o)
 .comment       0x0000000000000023       0x24 ../td2_bsp/\libucosii_bsp.a(alt_sbrk.o)
 .comment       0x0000000000000023       0x24 ../td2_bsp/\libucosii_bsp.a(alt_write.o)
 .comment       0x0000000000000023       0x24 ../td2_bsp/\libucosii_bsp.a(alt_env_lock.o)
 .comment       0x0000000000000023       0x24 ../td2_bsp/\libucosii_bsp.a(alt_malloc_lock.o)
 .comment       0x0000000000000023       0x24 ../td2_bsp/\libucosii_bsp.a(os_core.o)
 .comment       0x0000000000000023       0x24 ../td2_bsp/\libucosii_bsp.a(os_dbg.o)
 .comment       0x0000000000000023       0x24 ../td2_bsp/\libucosii_bsp.a(os_flag.o)
 .comment       0x0000000000000023       0x24 ../td2_bsp/\libucosii_bsp.a(os_mem.o)
 .comment       0x0000000000000023       0x24 ../td2_bsp/\libucosii_bsp.a(os_q.o)
 .comment       0x0000000000000023       0x24 ../td2_bsp/\libucosii_bsp.a(os_sem.o)
 .comment       0x0000000000000023       0x24 ../td2_bsp/\libucosii_bsp.a(os_task.o)
 .comment       0x0000000000000023       0x24 ../td2_bsp/\libucosii_bsp.a(os_time.o)
 .comment       0x0000000000000023       0x24 ../td2_bsp/\libucosii_bsp.a(alt_sys_init.o)
 .comment       0x0000000000000023       0x24 ../td2_bsp/\libucosii_bsp.a(altera_avalon_jtag_uart_fd.o)
 .comment       0x0000000000000023       0x24 ../td2_bsp/\libucosii_bsp.a(altera_avalon_jtag_uart_init.o)
 .comment       0x0000000000000023       0x24 ../td2_bsp/\libucosii_bsp.a(altera_avalon_jtag_uart_ioctl.o)
 .comment       0x0000000000000023       0x24 ../td2_bsp/\libucosii_bsp.a(altera_avalon_jtag_uart_read.o)
 .comment       0x0000000000000023       0x24 ../td2_bsp/\libucosii_bsp.a(altera_avalon_jtag_uart_write.o)
 .comment       0x0000000000000023       0x24 ../td2_bsp/\libucosii_bsp.a(altera_avalon_timer_sc.o)
 .comment       0x0000000000000023       0x24 ../td2_bsp/\libucosii_bsp.a(alt_alarm_start.o)
 .comment       0x0000000000000023       0x24 ../td2_bsp/\libucosii_bsp.a(alt_dcache_flush_all.o)
 .comment       0x0000000000000023       0x24 ../td2_bsp/\libucosii_bsp.a(alt_dev_llist_insert.o)
 .comment       0x0000000000000023       0x24 ../td2_bsp/\libucosii_bsp.a(alt_do_ctors.o)
 .comment       0x0000000000000023       0x24 ../td2_bsp/\libucosii_bsp.a(alt_do_dtors.o)
 .comment       0x0000000000000023       0x24 ../td2_bsp/\libucosii_bsp.a(alt_icache_flush_all.o)
 .comment       0x0000000000000023       0x24 ../td2_bsp/\libucosii_bsp.a(alt_iic.o)
 .comment       0x0000000000000023       0x24 ../td2_bsp/\libucosii_bsp.a(alt_iic_isr_register.o)
 .comment       0x0000000000000023       0x24 ../td2_bsp/\libucosii_bsp.a(alt_io_redirect.o)
 .comment       0x0000000000000023       0x24 ../td2_bsp/\libucosii_bsp.a(alt_irq_handler.o)
 .comment       0x0000000000000023       0x24 ../td2_bsp/\libucosii_bsp.a(alt_irq_vars.o)
 .comment       0x0000000000000023       0x24 ../td2_bsp/\libucosii_bsp.a(alt_open.o)
 .comment       0x0000000000000023       0x24 ../td2_bsp/\libucosii_bsp.a(alt_tick.o)
 .comment       0x0000000000000023       0x24 ../td2_bsp/\libucosii_bsp.a(altera_nios2_gen2_irq.o)
 .comment       0x0000000000000023       0x24 ../td2_bsp/\libucosii_bsp.a(os_cpu_c.o)
 .comment       0x0000000000000023       0x24 ../td2_bsp/\libucosii_bsp.a(alt_find_dev.o)
 .comment       0x0000000000000023       0x24 ../td2_bsp/\libucosii_bsp.a(alt_find_file.o)
 .comment       0x0000000000000023       0x24 ../td2_bsp/\libucosii_bsp.a(alt_get_fd.o)
 .comment       0x0000000000000023       0x24 ../td2_bsp/\libucosii_bsp.a(alt_icache_flush.o)
 .comment       0x0000000000000023       0x24 ../td2_bsp/\libucosii_bsp.a(alt_instruction_exception_entry.o)
 .comment       0x0000000000000023       0x24 c:/intelfpga_lite/16.1/nios2eds/bin/gnu/h-x86_64-mingw32/bin/../lib/gcc/nios2-elf/5.3.0/../../../../../H-x86_64-mingw32/nios2-elf/lib\libc.a(lib_a-atexit.o)
 .comment       0x0000000000000023       0x24 c:/intelfpga_lite/16.1/nios2eds/bin/gnu/h-x86_64-mingw32/bin/../lib/gcc/nios2-elf/5.3.0/../../../../../H-x86_64-mingw32/nios2-elf/lib\libc.a(lib_a-exit.o)
 .comment       0x0000000000000023       0x24 c:/intelfpga_lite/16.1/nios2eds/bin/gnu/h-x86_64-mingw32/bin/../lib/gcc/nios2-elf/5.3.0/../../../../../H-x86_64-mingw32/nios2-elf/lib\libc.a(lib_a-memcmp.o)
 .comment       0x0000000000000023       0x24 c:/intelfpga_lite/16.1/nios2eds/bin/gnu/h-x86_64-mingw32/bin/../lib/gcc/nios2-elf/5.3.0/../../../../../H-x86_64-mingw32/nios2-elf/lib\libc.a(lib_a-__atexit.o)
 .comment       0x0000000000000023       0x24 c:/intelfpga_lite/16.1/nios2eds/bin/gnu/h-x86_64-mingw32/bin/../lib/gcc/nios2-elf/5.3.0/../../../../../H-x86_64-mingw32/nios2-elf/lib\libc.a(lib_a-__call_atexit.o)
 .comment       0x0000000000000023       0x24 ../td2_bsp/\libucosii_bsp.a(alt_exit.o)

.debug
 *(.debug)

.line
 *(.line)

.debug_srcinfo
 *(.debug_srcinfo)

.debug_sfnames
 *(.debug_sfnames)

.debug_aranges  0x0000000000000000      0xb90
 *(.debug_aranges)
 .debug_aranges
                0x0000000000000000       0x28 ../td2_bsp//obj/HAL/src/crt0.o
 .debug_aranges
                0x0000000000000028       0x20 obj/default/hello_ucosii.o
 .debug_aranges
                0x0000000000000048       0x20 c:/intelfpga_lite/16.1/nios2eds/bin/gnu/h-x86_64-mingw32/bin/../lib/gcc/nios2-elf/5.3.0\libgcc.a(lib2-divmod.o)
 .debug_aranges
                0x0000000000000068       0x28 c:/intelfpga_lite/16.1/nios2eds/bin/gnu/h-x86_64-mingw32/bin/../lib/gcc/nios2-elf/5.3.0/../../../../../H-x86_64-mingw32/nios2-elf/lib\libc.a(lib_a-puts.o)
 .debug_aranges
                0x0000000000000090       0x20 c:/intelfpga_lite/16.1/nios2eds/bin/gnu/h-x86_64-mingw32/bin/../lib/gcc/nios2-elf/5.3.0/../../../../../H-x86_64-mingw32/nios2-elf/lib\libc.a(lib_a-strlen.o)
 .debug_aranges